Archive member included to satisfy reference by file (symbol)

.pio/build/genericSTM32F446RE/lib79b/libAdafruit NeoPixel.a(Adafruit_NeoPixel.cpp.o)
                              .pio/build/genericSTM32F446RE/src/main.cpp.o (Adafruit_NeoPixel::~Adafruit_NeoPixel())
.pio/build/genericSTM32F446RE/liba31/libWire.a(Wire.cpp.o)
                              .pio/build/genericSTM32F446RE/src/main.cpp.o (TwoWire::begin(bool))
.pio/build/genericSTM32F446RE/liba31/libWire.a(twi.c.o)
                              .pio/build/genericSTM32F446RE/liba31/libWire.a(Wire.cpp.o) (i2c_custom_init)
.pio/build/genericSTM32F446RE/lib880/libAdafruit BNO055.a(Adafruit_BNO055.cpp.o)
                              .pio/build/genericSTM32F446RE/src/main.cpp.o (Adafruit_BNO055::Adafruit_BNO055(long, unsigned char, TwoWire*))
.pio/build/genericSTM32F446RE/lib610/libEEPROM.a(stm32_eeprom.c.o)
                              .pio/build/genericSTM32F446RE/src/device/sensor/gyro.cpp.o (eeprom_read_byte)
.pio/build/genericSTM32F446RE/libFrameworkArduino.a(HardwareSerial.cpp.o)
                              .pio/build/genericSTM32F446RE/src/main.cpp.o (HardwareSerial::write(unsigned char))
.pio/build/genericSTM32F446RE/libFrameworkArduino.a(Print.cpp.o)
                              .pio/build/genericSTM32F446RE/src/main.cpp.o (Print::print(char const*))
.pio/build/genericSTM32F446RE/libFrameworkArduino.a(Stream.cpp.o)
                              .pio/build/genericSTM32F446RE/liba31/libWire.a(Wire.cpp.o) (Stream::readBytes(char*, unsigned int))
.pio/build/genericSTM32F446RE/libFrameworkArduino.a(WMath.cpp.o)
                              .pio/build/genericSTM32F446RE/src/device/actuator/led.cpp.o (map(long, long, long, long, long))
.pio/build/genericSTM32F446RE/libFrameworkArduino.a(WString.cpp.o)
                              .pio/build/genericSTM32F446RE/libFrameworkArduino.a(Stream.cpp.o) (String::String(char const*))
.pio/build/genericSTM32F446RE/libFrameworkArduino.a(dtostrf.c.o)
                              .pio/build/genericSTM32F446RE/libFrameworkArduino.a(WString.cpp.o) (dtostrf)
.pio/build/genericSTM32F446RE/libFrameworkArduino.a(itoa.c.o)
                              .pio/build/genericSTM32F446RE/libFrameworkArduino.a(WString.cpp.o) (ltoa)
.pio/build/genericSTM32F446RE/libFrameworkArduino.a(main.cpp.o)
                              /Users/shirokuma89dev/.platformio/packages/toolchain-gccarmnoneeabi/bin/../lib/gcc/arm-none-eabi/12.3.1/../../../../arm-none-eabi/lib/thumb/v7e-m+fp/hard/crt0.o (main)
.pio/build/genericSTM32F446RE/libFrameworkArduino.a(pins_arduino.c.o)
                              .pio/build/genericSTM32F446RE/liba31/libWire.a(Wire.cpp.o) (pinNametoDigitalPin)
.pio/build/genericSTM32F446RE/libFrameworkArduino.a(startup_stm32yyxx.S.o)
                              (Reset_Handler)
.pio/build/genericSTM32F446RE/libFrameworkArduino.a(wiring_analog.c.o)
                              .pio/build/genericSTM32F446RE/src/device/actuator/buzzer.cpp.o (analogWriteFrequency)
.pio/build/genericSTM32F446RE/libFrameworkArduino.a(wiring_digital.c.o)
                              .pio/build/genericSTM32F446RE/libb14/STM32duino FreeRTOS/STM32FreeRTOS.c.o (pinMode)
.pio/build/genericSTM32F446RE/libFrameworkArduino.a(wiring_time.c.o)
                              .pio/build/genericSTM32F446RE/src/app/algorithm/location.cpp.o (millis)
.pio/build/genericSTM32F446RE/libFrameworkArduino.a(WSerial.cpp.o)
                              .pio/build/genericSTM32F446RE/libFrameworkArduino.a(main.cpp.o) (serialEventRun())
.pio/build/genericSTM32F446RE/libFrameworkArduino.a(board.c.o)
                              .pio/build/genericSTM32F446RE/libFrameworkArduino.a(main.cpp.o) (init)
.pio/build/genericSTM32F446RE/libFrameworkArduino.a(hooks.c.o)
                              .pio/build/genericSTM32F446RE/libFrameworkArduino.a(wiring_time.c.o) (yield)
/Users/shirokuma89dev/.platformio/packages/toolchain-gccarmnoneeabi/bin/../lib/gcc/arm-none-eabi/12.3.1/thumb/v7e-m+fp/hard/libgcc.a(_arm_muldf3.o)
                              .pio/build/genericSTM32F446RE/SrcWrapper/src/HardwareTimer.cpp.o (__aeabi_dmul)
/Users/shirokuma89dev/.platformio/packages/toolchain-gccarmnoneeabi/bin/../lib/gcc/arm-none-eabi/12.3.1/thumb/v7e-m+fp/hard/libgcc.a(_arm_addsubdf3.o)
                              .pio/build/genericSTM32F446RE/src/app/algorithm/location.cpp.o (__aeabi_dsub)
/Users/shirokuma89dev/.platformio/packages/toolchain-gccarmnoneeabi/bin/../lib/gcc/arm-none-eabi/12.3.1/thumb/v7e-m+fp/hard/libgcc.a(_arm_muldivdf3.o)
                              .pio/build/genericSTM32F446RE/SrcWrapper/src/HardwareTimer.cpp.o (__aeabi_ddiv)
/Users/shirokuma89dev/.platformio/packages/toolchain-gccarmnoneeabi/bin/../lib/gcc/arm-none-eabi/12.3.1/thumb/v7e-m+fp/hard/libgcc.a(_arm_cmpdf2.o)
                              .pio/build/genericSTM32F446RE/src/app/algorithm/location.cpp.o (__aeabi_dcmplt)
[...]
Memory Configuration

Name             Origin             Length             Attributes
*default*        0x00000000         0xffffffff
RAM              0x20000000         0x00020000         xrw
FLASH            0x08000000         0x00080000         xr

Linker script and memory map

                0x20020000                        _estack = (ORIGIN (RAM) + LENGTH (RAM))
                0x00000200                        _Min_Heap_Size = 0x200
                0x00000400                        _Min_Stack_Size = 0x400

.isr_vector     0x08000000      0x1c4
                0x08000000                        . = ALIGN (0x4)
 *(.isr_vector)
 .isr_vector    0x08000000      0x1c4 .pio/build/genericSTM32F446RE/libFrameworkArduino.a(startup_stm32yyxx.S.o)
                0x08000000                g_pfnVectors
                0x080001c4                        . = ALIGN (0x4)

.text           0x080001d0    0x10fec
                0x080001d0                        . = ALIGN (0x4)
 *(.text)
 .text          0x080001d0      0x378 /Users/shirokuma89dev/.platformio/packages/toolchain-gccarmnoneeabi/bin/../lib/gcc/arm-none-eabi/12.3.1/thumb/v7e-m+fp/hard/libgcc.a(_arm_addsubdf3.o)
                0x080001d0                __aeabi_drsub
                0x080001d8                __subdf3
                0x080001d8                __aeabi_dsub
                0x080001dc                __aeabi_dadd
                0x080001dc                __adddf3
                0x08000454                __aeabi_ui2d
                0x08000454                __floatunsidf
                0x08000474                __floatsidf
                0x08000474                __aeabi_i2d
                0x08000498                __extendsfdf2
                0x08000498                __aeabi_f2d
                0x080004dc                __aeabi_ul2d
                0x080004dc                __floatundidf
                0x080004ec                __aeabi_l2d
                0x080004ec                __floatdidf
 .text          0x08000548      0x424 /Users/shirokuma89dev/.platformio/packages/toolchain-gccarmnoneeabi/bin/../lib/gcc/arm-none-eabi/12.3.1/thumb/v7e-m+fp/hard/libgcc.a(_arm_muldivdf3.o)
                0x08000548                __aeabi_dmul
                0x08000548                __muldf3
                0x0800079c                __aeabi_ddiv
                0x0800079c                __divdf3
 .text          0x0800096c      0x110 /Users/shirokuma89dev/.platformio/packages/toolchain-gccarmnoneeabi/bin/../lib/gcc/arm-none-eabi/12.3.1/thumb/v7e-m+fp/hard/libgcc.a(_arm_cmpdf2.o)
                0x0800096c                __gedf2
                0x0800096c                __gtdf2
                0x08000974                __ledf2
                0x08000974                __ltdf2
                0x0800097c                __cmpdf2
                0x0800097c                __eqdf2
                0x0800097c                __nedf2
                0x080009f8                __aeabi_cdrcmple
                0x08000a08                __aeabi_cdcmple
                0x08000a08                __aeabi_cdcmpeq
                0x08000a18                __aeabi_dcmpeq
                0x08000a2c                __aeabi_dcmplt
                0x08000a40                __aeabi_dcmple
                0x08000a54                __aeabi_dcmpge
                0x08000a68                __aeabi_dcmpgt
 .text          0x08000a7c       0x50 /Users/shirokuma89dev/.platformio/packages/toolchain-gccarmnoneeabi/bin/../lib/gcc/arm-none-eabi/12.3.1/thumb/v7e-m+fp/hard/libgcc.a(_arm_fixdfsi.o)
                0x08000a7c                __fixdfsi
                0x08000a7c                __aeabi_d2iz
 .text          0x08000acc       0x40 /Users/shirokuma89dev/.platformio/packages/toolchain-gccarmnoneeabi/bin/../lib/gcc/arm-none-eabi/12.3.1/thumb/v7e-m+fp/hard/libgcc.a(_arm_fixunsdfsi.o)
                0x08000acc                __fixunsdfsi
                0x08000acc                __aeabi_d2uiz
 .text          0x08000b0c       0xa0 /Users/shirokuma89dev/.platformio/packages/toolchain-gccarmnoneeabi/bin/../lib/gcc/arm-none-eabi/12.3.1/thumb/v7e-m+fp/hard/libgcc.a(_arm_truncdfsf2.o)
                0x08000b0c                __aeabi_d2f
                0x08000b0c                __truncdfsf2
 .text          0x08000bac       0x30 /Users/shirokuma89dev/.platformio/packages/toolchain-gccarmnoneeabi/bin/../lib/gcc/arm-none-eabi/12.3.1/thumb/v7e-m+fp/hard/libgcc.a(_aeabi_uldivmod.o)
                0x08000bac                __aeabi_uldivmod
 .text          0x08000bdc        0x4 /Users/shirokuma89dev/.platformio/packages/toolchain-gccarmnoneeabi/bin/../lib/gcc/arm-none-eabi/12.3.1/thumb/v7e-m+fp/hard/libgcc.a(_dvmd_tls.o)
                0x08000bdc                __aeabi_ldiv0
                0x08000bdc                __aeabi_idiv0
 .text          0x08000be0       0x10 /Users/shirokuma89dev/.platformio/packages/toolchain-gccarmnoneeabi/bin/../lib/gcc/arm-none-eabi/12.3.1/../../../../arm-none-eabi/lib/thumb/v7e-m+fp/hard/libc_nano.a(libc_a-strlen.o)
                0x08000be0                strlen
 *(.text*)
 .text.__do_global_dtors_aux
                0x08000bf0       0x24 /Users/shirokuma89dev/.platformio/packages/toolchain-gccarmnoneeabi/bin/../lib/gcc/arm-none-eabi/12.3.1/thumb/v7e-m+fp/hard/crtbegin.o
 .text.frame_dummy
                0x08000c14       0x1c /Users/shirokuma89dev/.platformio/packages/toolchain-gccarmnoneeabi/bin/../lib/gcc/arm-none-eabi/12.3.1/thumb/v7e-m+fp/hard/crtbegin.o
 .text.SystemClock_Config
                0x08000c30       0xd4 .pio/build/genericSTM32F446RE/FrameworkArduinoVariant/generic_clock.c.o
                0x08000c30                SystemClock_Config
 .text.HAL_MspInit
                0x08000d04        0x2 .pio/build/genericSTM32F446RE/SrcWrapper/src/HAL/stm32yyxx_hal.c.o
                0x08000d04                HAL_MspInit
 *fill*         0x08000d06        0x2 
 .text.HAL_InitTick
                0x08000d08       0x48 .pio/build/genericSTM32F446RE/SrcWrapper/src/HAL/stm32yyxx_hal.c.o
                0x08000d08                HAL_InitTick
 .text.HAL_Init
                0x08000d50       0x34 .pio/build/genericSTM32F446RE/SrcWrapper/src/HAL/stm32yyxx_hal.c.o
                0x08000d50                HAL_Init
 .text.HAL_IncTick
                0x08000d84       0x18 .pio/build/genericSTM32F446RE/SrcWrapper/src/HAL/stm32yyxx_hal.c.o
                0x08000d84                HAL_IncTick
 .text.HAL_GetTick
                0x08000d9c        0xc .pio/build/genericSTM32F446RE/SrcWrapper/src/HAL/stm32yyxx_hal.c.o
                0x08000d9c                HAL_GetTick
 .text.HAL_ADC_Init
                0x08000da8      0x14c .pio/build/genericSTM32F446RE/SrcWrapper/src/HAL/stm32yyxx_hal_adc.c.o
                0x08000da8                HAL_ADC_Init
 .text.HAL_ADC_DeInit
                0x08000ef4       0x34 .pio/build/genericSTM32F446RE/SrcWrapper/src/HAL/stm32yyxx_hal_adc.c.o
                0x08000ef4                HAL_ADC_DeInit
 .text.HAL_ADC_Start
                0x08000f28       0xfc .pio/build/genericSTM32F446RE/SrcWrapper/src/HAL/stm32yyxx_hal_adc.c.o
                0x08000f28                HAL_ADC_Start
 .text.HAL_ADC_Stop
                0x08001024       0x36 .pio/build/genericSTM32F446RE/SrcWrapper/src/HAL/stm32yyxx_hal_adc.c.o
                0x08001024                HAL_ADC_Stop
 .text.HAL_ADC_PollForConversion
                0x0800105a       0xa6 .pio/build/genericSTM32F446RE/SrcWrapper/src/HAL/stm32yyxx_hal_adc.c.o
                0x0800105a                HAL_ADC_PollForConversion
 .text.HAL_ADC_GetValue
                0x08001100        0x6 .pio/build/genericSTM32F446RE/SrcWrapper/src/HAL/stm32yyxx_hal_adc.c.o
                0x08001100                HAL_ADC_GetValue
 *fill*         0x08001106        0x2 
 .text.HAL_ADC_ConfigChannel
                0x08001108      0x144 .pio/build/genericSTM32F446RE/SrcWrapper/src/HAL/stm32yyxx_hal_adc.c.o
                0x08001108                HAL_ADC_ConfigChannel
 .text.HAL_ADC_GetState
                0x0800124c        0x4 .pio/build/genericSTM32F446RE/SrcWrapper/src/HAL/stm32yyxx_hal_adc.c.o
                0x0800124c                HAL_ADC_GetState
 .text.HAL_NVIC_SetPriorityGrouping
                0x08001250       0x24 .pio/build/genericSTM32F446RE/SrcWrapper/src/HAL/stm32yyxx_hal_cortex.c.o
                0x08001250                HAL_NVIC_SetPriorityGrouping
 .text.HAL_NVIC_SetPriority
                0x08001274       0x64 .pio/build/genericSTM32F446RE/SrcWrapper/src/HAL/stm32yyxx_hal_cortex.c.o
                0x08001274                HAL_NVIC_SetPriority
 .text.HAL_NVIC_EnableIRQ
                0x080012d8       0x1c .pio/build/genericSTM32F446RE/SrcWrapper/src/HAL/stm32yyxx_hal_cortex.c.o
                0x080012d8                HAL_NVIC_EnableIRQ
 .text.HAL_NVIC_DisableIRQ
                0x080012f4       0x24 .pio/build/genericSTM32F446RE/SrcWrapper/src/HAL/stm32yyxx_hal_cortex.c.o
                0x080012f4                HAL_NVIC_DisableIRQ
 .text.HAL_SYSTICK_Config
                0x08001318       0x28 .pio/build/genericSTM32F446RE/SrcWrapper/src/HAL/stm32yyxx_hal_cortex.c.o
                0x08001318                HAL_SYSTICK_Config
 .text.HAL_NVIC_ClearPendingIRQ
                0x08001340       0x1c .pio/build/genericSTM32F446RE/SrcWrapper/src/HAL/stm32yyxx_hal_cortex.c.o
                0x08001340                HAL_NVIC_ClearPendingIRQ
 .text.HAL_SYSTICK_Callback
                0x0800135c        0x2 .pio/build/genericSTM32F446RE/SrcWrapper/src/HAL/stm32yyxx_hal_cortex.c.o
                0x0800135c                HAL_SYSTICK_Callback
 .text.HAL_SYSTICK_IRQHandler
                0x0800135e        0x8 .pio/build/genericSTM32F446RE/SrcWrapper/src/HAL/stm32yyxx_hal_cortex.c.o
                0x0800135e                HAL_SYSTICK_IRQHandler
 .text.HAL_CRC_MspInit
                0x08001366        0x2 .pio/build/genericSTM32F446RE/SrcWrapper/src/HAL/stm32yyxx_hal_crc.c.o
                0x08001366                HAL_CRC_MspInit
 .text.HAL_CRC_Init
                0x08001368       0x20 .pio/build/genericSTM32F446RE/SrcWrapper/src/HAL/stm32yyxx_hal_crc.c.o
                0x08001368                HAL_CRC_Init
 .text.HAL_DAC_Init
                0x08001388       0x26 .pio/build/genericSTM32F446RE/SrcWrapper/src/HAL/stm32yyxx_hal_dac.c.o
                0x08001388                HAL_DAC_Init
 .text.HAL_DAC_DeInit
                0x080013ae       0x1c .pio/build/genericSTM32F446RE/SrcWrapper/src/HAL/stm32yyxx_hal_dac.c.o
                0x080013ae                HAL_DAC_DeInit
 .text.HAL_DAC_Start
                0x080013ca       0x54 .pio/build/genericSTM32F446RE/SrcWrapper/src/HAL/stm32yyxx_hal_dac.c.o
                0x080013ca                HAL_DAC_Start
 .text.HAL_DAC_Stop
                0x0800141e       0x1c .pio/build/genericSTM32F446RE/SrcWrapper/src/HAL/stm32yyxx_hal_dac.c.o
                0x0800141e                HAL_DAC_Stop
 .text.HAL_DAC_SetValue
                0x0800143a       0x24 .pio/build/genericSTM32F446RE/SrcWrapper/src/HAL/stm32yyxx_hal_dac.c.o
                0x0800143a                HAL_DAC_SetValue
 .text.HAL_DAC_ConfigChannel
                0x0800145e       0x46 .pio/build/genericSTM32F446RE/SrcWrapper/src/HAL/stm32yyxx_hal_dac.c.o
                0x0800145e                HAL_DAC_ConfigChannel
 .text.HAL_DMA_Abort
                0x080014a4       0x7c .pio/build/genericSTM32F446RE/SrcWrapper/src/HAL/stm32yyxx_hal_dma.c.o
                0x080014a4                HAL_DMA_Abort
 .text.HAL_DMA_Abort_IT
                0x08001520       0x24 .pio/build/genericSTM32F446RE/SrcWrapper/src/HAL/stm32yyxx_hal_dma.c.o
                0x08001520                HAL_DMA_Abort_IT
 .text.HAL_DMA_GetState
                0x08001544        0x6 .pio/build/genericSTM32F446RE/SrcWrapper/src/HAL/stm32yyxx_hal_dma.c.o
                0x08001544                HAL_DMA_GetState
 *fill*         0x0800154a        0x2 
 .text.HAL_GPIO_EXTI_IRQHandler
                0x0800154c       0x18 .pio/build/genericSTM32F446RE/SrcWrapper/src/HAL/stm32yyxx_hal_gpio.c.o
                0x0800154c                HAL_GPIO_EXTI_IRQHandler
 .text.I2C_WaitOnFlagUntilTimeout
                0x08001564       0x64 .pio/build/genericSTM32F446RE/SrcWrapper/src/HAL/stm32yyxx_hal_i2c.c.o
 .text.HAL_I2C_MspInit
                0x080015c8        0x2 .pio/build/genericSTM32F446RE/SrcWrapper/src/HAL/stm32yyxx_hal_i2c.c.o
                0x080015c8                HAL_I2C_MspInit
 *fill*         0x080015ca        0x2 
 .text.HAL_I2C_Init
                0x080015cc      0x14c .pio/build/genericSTM32F446RE/SrcWrapper/src/HAL/stm32yyxx_hal_i2c.c.o
                0x080015cc                HAL_I2C_Init
 .text.HAL_I2C_IsDeviceReady
                0x08001718      0x160 .pio/build/genericSTM32F446RE/SrcWrapper/src/HAL/stm32yyxx_hal_i2c.c.o
                0x08001718                HAL_I2C_IsDeviceReady
 .text.HAL_I2C_Master_Seq_Transmit_IT
                0x08001878       0xd4 .pio/build/genericSTM32F446RE/SrcWrapper/src/HAL/stm32yyxx_hal_i2c.c.o
                0x08001878                HAL_I2C_Master_Seq_Transmit_IT
 .text.HAL_I2C_Master_Seq_Receive_IT
                0x0800194c      0x110 .pio/build/genericSTM32F446RE/SrcWrapper/src/HAL/stm32yyxx_hal_i2c.c.o
                0x0800194c                HAL_I2C_Master_Seq_Receive_IT
 .text.HAL_I2C_Slave_Seq_Transmit_IT
                0x08001a5c       0x76 .pio/build/genericSTM32F446RE/SrcWrapper/src/HAL/stm32yyxx_hal_i2c.c.o
                0x08001a5c                HAL_I2C_Slave_Seq_Transmit_IT
 .text.HAL_I2C_Slave_Seq_Receive_IT
                0x08001ad2       0x76 .pio/build/genericSTM32F446RE/SrcWrapper/src/HAL/stm32yyxx_hal_i2c.c.o
                0x08001ad2                HAL_I2C_Slave_Seq_Receive_IT
 .text.HAL_I2C_EnableListen_IT
                0x08001b48       0x36 .pio/build/genericSTM32F446RE/SrcWrapper/src/HAL/stm32yyxx_hal_i2c.c.o
                0x08001b48                HAL_I2C_EnableListen_IT
 .text.HAL_I2C_MasterTxCpltCallback
                0x08001b7e        0x2 .pio/build/genericSTM32F446RE/SrcWrapper/src/HAL/stm32yyxx_hal_i2c.c.o
                0x08001b7e                HAL_I2C_MasterTxCpltCallback
 .text.HAL_I2C_MasterRxCpltCallback
                0x08001b80        0x2 .pio/build/genericSTM32F446RE/SrcWrapper/src/HAL/stm32yyxx_hal_i2c.c.o
                0x08001b80                HAL_I2C_MasterRxCpltCallback
 .text.HAL_I2C_MemTxCpltCallback
                0x08001b82        0x2 .pio/build/genericSTM32F446RE/SrcWrapper/src/HAL/stm32yyxx_hal_i2c.c.o
                0x08001b82                HAL_I2C_MemTxCpltCallback
 .text.I2C_MemoryTransmit_TXE_BTF
                0x08001b84       0xa8 .pio/build/genericSTM32F446RE/SrcWrapper/src/HAL/stm32yyxx_hal_i2c.c.o
 .text.HAL_I2C_MemRxCpltCallback
                0x08001c2c        0x2 .pio/build/genericSTM32F446RE/SrcWrapper/src/HAL/stm32yyxx_hal_i2c.c.o
                0x08001c2c                HAL_I2C_MemRxCpltCallback
 .text.HAL_I2C_AbortCpltCallback
                0x08001c2e        0x2 .pio/build/genericSTM32F446RE/SrcWrapper/src/HAL/stm32yyxx_hal_i2c.c.o
                0x08001c2e                HAL_I2C_AbortCpltCallback
 .text.I2C_DMAAbort
                0x08001c30       0xe4 .pio/build/genericSTM32F446RE/SrcWrapper/src/HAL/stm32yyxx_hal_i2c.c.o
 .text.I2C_ITError
                0x08001d14      0x15c .pio/build/genericSTM32F446RE/SrcWrapper/src/HAL/stm32yyxx_hal_i2c.c.o
 .text.HAL_I2C_EV_IRQHandler
                0x08001e70      0x8ac .pio/build/genericSTM32F446RE/SrcWrapper/src/HAL/stm32yyxx_hal_i2c.c.o
                0x08001e70                HAL_I2C_EV_IRQHandler
 .text.HAL_I2C_ER_IRQHandler
                0x0800271c      0x150 .pio/build/genericSTM32F446RE/SrcWrapper/src/HAL/stm32yyxx_hal_i2c.c.o
                0x0800271c                HAL_I2C_ER_IRQHandler
 .text.HAL_I2C_GetState
                0x0800286c        0x6 .pio/build/genericSTM32F446RE/SrcWrapper/src/HAL/stm32yyxx_hal_i2c.c.o
                0x0800286c                HAL_I2C_GetState
 .text.HAL_I2C_GetError
                0x08002872        0x4 .pio/build/genericSTM32F446RE/SrcWrapper/src/HAL/stm32yyxx_hal_i2c.c.o
                0x08002872                HAL_I2C_GetError
 *fill*         0x08002876        0x2 
 .text.HAL_PWREx_EnableOverDrive
                0x08002878       0x74 .pio/build/genericSTM32F446RE/SrcWrapper/src/HAL/stm32yyxx_hal_pwr_ex.c.o
                0x08002878                HAL_PWREx_EnableOverDrive
 .text.HAL_RCC_ClockConfig
                0x080028ec      0x134 .pio/build/genericSTM32F446RE/SrcWrapper/src/HAL/stm32yyxx_hal_rcc.c.o
                0x080028ec                HAL_RCC_ClockConfig
 .text.HAL_RCC_GetHCLKFreq
                0x08002a20        0xc .pio/build/genericSTM32F446RE/SrcWrapper/src/HAL/stm32yyxx_hal_rcc.c.o
                0x08002a20                HAL_RCC_GetHCLKFreq
 .text.HAL_RCC_GetPCLK1Freq
                0x08002a2c       0x20 .pio/build/genericSTM32F446RE/SrcWrapper/src/HAL/stm32yyxx_hal_rcc.c.o
                0x08002a2c                HAL_RCC_GetPCLK1Freq
 .text.HAL_RCC_GetPCLK2Freq
                0x08002a4c       0x20 .pio/build/genericSTM32F446RE/SrcWrapper/src/HAL/stm32yyxx_hal_rcc.c.o
                0x08002a4c                HAL_RCC_GetPCLK2Freq
 .text.HAL_RCC_GetClockConfig
                0x08002a6c       0x3c .pio/build/genericSTM32F446RE/SrcWrapper/src/HAL/stm32yyxx_hal_rcc.c.o
                0x08002a6c                HAL_RCC_GetClockConfig
 .text.HAL_RCCEx_PeriphCLKConfig
                0x08002aa8      0x414 .pio/build/genericSTM32F446RE/SrcWrapper/src/HAL/stm32yyxx_hal_rcc_ex.c.o
                0x08002aa8                HAL_RCCEx_PeriphCLKConfig
 .text.HAL_RCCEx_GetPeriphCLKConfig
                0x08002ebc       0xfc .pio/build/genericSTM32F446RE/SrcWrapper/src/HAL/stm32yyxx_hal_rcc_ex.c.o
                0x08002ebc                HAL_RCCEx_GetPeriphCLKConfig
 .text.HAL_RCC_GetSysClockFreq
                0x08002fb8       0x90 .pio/build/genericSTM32F446RE/SrcWrapper/src/HAL/stm32yyxx_hal_rcc_ex.c.o
                0x08002fb8                HAL_RCC_GetSysClockFreq
 .text.HAL_RCC_OscConfig
                0x08003048      0x39c .pio/build/genericSTM32F446RE/SrcWrapper/src/HAL/stm32yyxx_hal_rcc_ex.c.o
                0x08003048                HAL_RCC_OscConfig
 .text.TIM_OC1_SetConfig
                0x080033e4       0x58 .pio/build/genericSTM32F446RE/SrcWrapper/src/HAL/stm32yyxx_hal_tim.c.o
 .text.TIM_OC3_SetConfig
                0x0800343c       0x5c .pio/build/genericSTM32F446RE/SrcWrapper/src/HAL/stm32yyxx_hal_tim.c.o
 .text.TIM_OC4_SetConfig
                0x08003498       0x4c .pio/build/genericSTM32F446RE/SrcWrapper/src/HAL/stm32yyxx_hal_tim.c.o
 .text.HAL_TIM_Base_Start
                0x080034e4       0x6c .pio/build/genericSTM32F446RE/SrcWrapper/src/HAL/stm32yyxx_hal_tim.c.o
                0x080034e4                HAL_TIM_Base_Start
 .text.HAL_TIM_GenerateEvent
                0x08003550       0x24 .pio/build/genericSTM32F446RE/SrcWrapper/src/HAL/stm32yyxx_hal_tim.c.o
                0x08003550                HAL_TIM_GenerateEvent
 .text.HAL_TIM_PWM_PulseFinishedCallback
                0x08003574        0x2 .pio/build/genericSTM32F446RE/SrcWrapper/src/HAL/stm32yyxx_hal_tim.c.o
                0x08003574                HAL_TIM_PWM_PulseFinishedCallback
 .text.HAL_TIM_TriggerCallback
                0x08003576        0x2 .pio/build/genericSTM32F446RE/SrcWrapper/src/HAL/stm32yyxx_hal_tim.c.o
                0x08003576                HAL_TIM_TriggerCallback
 .text.HAL_TIM_IRQHandler
                0x08003578      0x144 .pio/build/genericSTM32F446RE/SrcWrapper/src/HAL/stm32yyxx_hal_tim.c.o
                0x08003578                HAL_TIM_IRQHandler
 .text.TIM_Base_SetConfig
                0x080036bc       0xa4 .pio/build/genericSTM32F446RE/SrcWrapper/src/HAL/stm32yyxx_hal_tim.c.o
                0x080036bc                TIM_Base_SetConfig
 .text.HAL_TIM_Base_Init
                0x08003760       0x58 .pio/build/genericSTM32F446RE/SrcWrapper/src/HAL/stm32yyxx_hal_tim.c.o
                0x08003760                HAL_TIM_Base_Init
 .text.TIM_OC2_SetConfig
                0x080037b8       0x60 .pio/build/genericSTM32F446RE/SrcWrapper/src/HAL/stm32yyxx_hal_tim.c.o
                0x080037b8                TIM_OC2_SetConfig
 .text.HAL_TIM_OC_ConfigChannel
                0x08003818       0x4c .pio/build/genericSTM32F446RE/SrcWrapper/src/HAL/stm32yyxx_hal_tim.c.o
                0x08003818                HAL_TIM_OC_ConfigChannel
 .text.HAL_TIM_PWM_ConfigChannel
                0x08003864       0xb0 .pio/build/genericSTM32F446RE/SrcWrapper/src/HAL/stm32yyxx_hal_tim.c.o
                0x08003864                HAL_TIM_PWM_ConfigChannel
 .text.TIM_TI1_SetConfig
                0x08003914       0x74 .pio/build/genericSTM32F446RE/SrcWrapper/src/HAL/stm32yyxx_hal_tim.c.o
                0x08003914                TIM_TI1_SetConfig
 .text.HAL_TIM_IC_ConfigChannel
                0x08003988      0x126 .pio/build/genericSTM32F446RE/SrcWrapper/src/HAL/stm32yyxx_hal_tim.c.o
                0x08003988                HAL_TIM_IC_ConfigChannel
 .text.TIM_CCxChannelCmd
                0x08003aae       0x1c .pio/build/genericSTM32F446RE/SrcWrapper/src/HAL/stm32yyxx_hal_tim.c.o
                0x08003aae                TIM_CCxChannelCmd
 *fill*         0x08003aca        0x2 
 .text.HAL_TIM_OC_Start
                0x08003acc       0xbc .pio/build/genericSTM32F446RE/SrcWrapper/src/HAL/stm32yyxx_hal_tim.c.o
                0x08003acc                HAL_TIM_OC_Start
 .text.HAL_TIM_PWM_Start
                0x08003b88        0x4 .pio/build/genericSTM32F446RE/SrcWrapper/src/HAL/stm32yyxx_hal_tim.c.o
                0x08003b88                HAL_TIM_PWM_Start
 .text.HAL_TIM_IC_Start
                0x08003b8c       0xf0 .pio/build/genericSTM32F446RE/SrcWrapper/src/HAL/stm32yyxx_hal_tim.c.o
                0x08003b8c                HAL_TIM_IC_Start
 .text.TIM_CCxNChannelCmd
                0x08003c7c       0x1c .pio/build/genericSTM32F446RE/SrcWrapper/src/HAL/stm32yyxx_hal_tim_ex.c.o
 .text.HAL_TIMEx_OCN_Start
                0x08003c98       0xb4 .pio/build/genericSTM32F446RE/SrcWrapper/src/HAL/stm32yyxx_hal_tim_ex.c.o
                0x08003c98                HAL_TIMEx_OCN_Start
 .text.HAL_TIMEx_PWMN_Start
                0x08003d4c        0x4 .pio/build/genericSTM32F446RE/SrcWrapper/src/HAL/stm32yyxx_hal_tim_ex.c.o
                0x08003d4c                HAL_TIMEx_PWMN_Start
 .text.HAL_TIMEx_CommutCallback
                0x08003d50        0x2 .pio/build/genericSTM32F446RE/SrcWrapper/src/HAL/stm32yyxx_hal_tim_ex.c.o
                0x08003d50                HAL_TIMEx_CommutCallback
 .text.HAL_TIMEx_BreakCallback
                0x08003d52        0x2 .pio/build/genericSTM32F446RE/SrcWrapper/src/HAL/stm32yyxx_hal_tim_ex.c.o
                0x08003d52                HAL_TIMEx_BreakCallback
 .text.UART_EndRxTransfer
                0x08003d54       0x5c .pio/build/genericSTM32F446RE/SrcWrapper/src/HAL/stm32yyxx_hal_uart.c.o
 .text.UART_SetConfig
                0x08003db0       0xbc .pio/build/genericSTM32F446RE/SrcWrapper/src/HAL/stm32yyxx_hal_uart.c.o
 .text.HAL_UART_MspInit
                0x08003e6c        0x2 .pio/build/genericSTM32F446RE/SrcWrapper/src/HAL/stm32yyxx_hal_uart.c.o
                0x08003e6c                HAL_UART_MspInit
 .text.HAL_UART_Init
                0x08003e6e       0x5c .pio/build/genericSTM32F446RE/SrcWrapper/src/HAL/stm32yyxx_hal_uart.c.o
                0x08003e6e                HAL_UART_Init
 .text.HAL_HalfDuplex_Init
                0x08003eca       0x64 .pio/build/genericSTM32F446RE/SrcWrapper/src/HAL/stm32yyxx_hal_uart.c.o
                0x08003eca                HAL_HalfDuplex_Init
 .text.HAL_UART_Transmit_IT
                0x08003f2e       0x3e .pio/build/genericSTM32F446RE/SrcWrapper/src/HAL/stm32yyxx_hal_uart.c.o
                0x08003f2e                HAL_UART_Transmit_IT
 .text.UART_DMAAbortOnError
                0x08003f6c       0x10 .pio/build/genericSTM32F446RE/SrcWrapper/src/HAL/stm32yyxx_hal_uart.c.o
 .text.HAL_UARTEx_RxEventCallback
                0x08003f7c        0x2 .pio/build/genericSTM32F446RE/SrcWrapper/src/HAL/stm32yyxx_hal_uart.c.o
                0x08003f7c                HAL_UARTEx_RxEventCallback
 .text.UART_Receive_IT.isra.0
                0x08003f7e       0xb4 .pio/build/genericSTM32F446RE/SrcWrapper/src/HAL/stm32yyxx_hal_uart.c.o
 *fill*         0x08004032        0x2 
 .text.HAL_UART_IRQHandler
                0x08004034      0x2d4 .pio/build/genericSTM32F446RE/SrcWrapper/src/HAL/stm32yyxx_hal_uart.c.o
                0x08004034                HAL_UART_IRQHandler
 .text.HAL_HalfDuplex_EnableTransmitter
                0x08004308       0x30 .pio/build/genericSTM32F446RE/SrcWrapper/src/HAL/stm32yyxx_hal_uart.c.o
                0x08004308                HAL_HalfDuplex_EnableTransmitter
 .text.HAL_HalfDuplex_EnableReceiver
                0x08004338       0x30 .pio/build/genericSTM32F446RE/SrcWrapper/src/HAL/stm32yyxx_hal_uart.c.o
                0x08004338                HAL_HalfDuplex_EnableReceiver
 .text.HAL_UART_GetState
                0x08004368        0xc .pio/build/genericSTM32F446RE/SrcWrapper/src/HAL/stm32yyxx_hal_uart.c.o
                0x08004368                HAL_UART_GetState
 .text.UART_Start_Receive_IT
                0x08004374       0x36 .pio/build/genericSTM32F446RE/SrcWrapper/src/HAL/stm32yyxx_hal_uart.c.o
                0x08004374                UART_Start_Receive_IT
 .text.HAL_UART_Receive_IT
                0x080043aa       0x2a .pio/build/genericSTM32F446RE/SrcWrapper/src/HAL/stm32yyxx_hal_uart.c.o
                0x080043aa                HAL_UART_Receive_IT
 .text._ZNSt8functionIFvvEEaSEDn.isra.0
                0x080043d4       0x16 .pio/build/genericSTM32F446RE/SrcWrapper/src/HardwareTimer.cpp.o
 .text._ZNSt14_Function_baseD2Ev
                0x080043ea       0x12 .pio/build/genericSTM32F446RE/SrcWrapper/src/HardwareTimer.cpp.o
                0x080043ea                std::_Function_base::~_Function_base()
                0x080043ea                std::_Function_base::~_Function_base()
 .text._ZN13HardwareTimer10getChannelEm
                0x080043fc       0x10 .pio/build/genericSTM32F446RE/SrcWrapper/src/HardwareTimer.cpp.o
                0x080043fc                HardwareTimer::getChannel(unsigned long)
 .text._ZN13HardwareTimer12getLLChannelEm
                0x0800440c       0x28 .pio/build/genericSTM32F446RE/SrcWrapper/src/HardwareTimer.cpp.o
                0x0800440c                HardwareTimer::getLLChannel(unsigned long)
 .text._ZN13HardwareTimer5getITEm
                0x08004434       0x14 .pio/build/genericSTM32F446RE/SrcWrapper/src/HardwareTimer.cpp.o
                0x08004434                HardwareTimer::getIT(unsigned long)
 .text._ZN13HardwareTimer20getAssociatedChannelEm
                0x08004448       0x14 .pio/build/genericSTM32F446RE/SrcWrapper/src/HardwareTimer.cpp.o
                0x08004448                HardwareTimer::getAssociatedChannel(unsigned long)
 .text._ZN13HardwareTimer13resumeChannelEm
                0x0800445c       0xf4 .pio/build/genericSTM32F446RE/SrcWrapper/src/HardwareTimer.cpp.o
                0x0800445c                HardwareTimer::resumeChannel(unsigned long)
 .text._ZN13HardwareTimer6resumeEv
                0x08004550       0x42 .pio/build/genericSTM32F446RE/SrcWrapper/src/HardwareTimer.cpp.o
                0x08004550                HardwareTimer::resume()
 *fill*         0x08004592        0x2 
 .text._ZN13HardwareTimer7setModeEm12TimerModes_t7PinName
                0x08004594      0x150 .pio/build/genericSTM32F446RE/SrcWrapper/src/HardwareTimer.cpp.o
                0x08004594                HardwareTimer::setMode(unsigned long, TimerModes_t, PinName)
 .text._ZN13HardwareTimer7getModeEm
                0x080046e4       0x10 .pio/build/genericSTM32F446RE/SrcWrapper/src/HardwareTimer.cpp.o
                0x080046e4                HardwareTimer::getMode(unsigned long)
 .text._ZN13HardwareTimer7refreshEv
                0x080046f4        0x8 .pio/build/genericSTM32F446RE/SrcWrapper/src/HardwareTimer.cpp.o
                0x080046f4                HardwareTimer::refresh()
 .text._ZN13HardwareTimer9isRunningEv
                0x080046fc        0xa .pio/build/genericSTM32F446RE/SrcWrapper/src/HardwareTimer.cpp.o
                0x080046fc                HardwareTimer::isRunning()
 .text._ZN13HardwareTimer27updateRegistersIfNotRunningEP11TIM_TypeDef
                0x08004706       0x3a .pio/build/genericSTM32F446RE/SrcWrapper/src/HardwareTimer.cpp.o
                0x08004706                HardwareTimer::updateRegistersIfNotRunning(TIM_TypeDef*)
 .text._Z15get_timer_indexP11TIM_TypeDef
                0x08004740       0xb0 .pio/build/genericSTM32F446RE/SrcWrapper/src/HardwareTimer.cpp.o
                0x08004740                get_timer_index(TIM_TypeDef*)
 .text._ZN13HardwareTimerD2Ev
                0x080047f0       0x40 .pio/build/genericSTM32F446RE/SrcWrapper/src/HardwareTimer.cpp.o
                0x080047f0                HardwareTimer::~HardwareTimer()
                0x080047f0                HardwareTimer::~HardwareTimer()
 .text._ZN13HardwareTimer5setupEP11TIM_TypeDef
                0x08004830       0x90 .pio/build/genericSTM32F446RE/SrcWrapper/src/HardwareTimer.cpp.o
                0x08004830                HardwareTimer::setup(TIM_TypeDef*)
 .text._ZN13HardwareTimer15getTimerClkFreqEv
                0x080048c0       0x8a .pio/build/genericSTM32F446RE/SrcWrapper/src/HardwareTimer.cpp.o
                0x080048c0                HardwareTimer::getTimerClkFreq()
 *fill*         0x0800494a        0x2 
 .text._ZN13HardwareTimer11setOverflowEm13TimerFormat_t
                0x0800494c       0x4c .pio/build/genericSTM32F446RE/SrcWrapper/src/HardwareTimer.cpp.o
                0x0800494c                HardwareTimer::setOverflow(unsigned long, TimerFormat_t)
 .text._ZN13HardwareTimer17setCaptureCompareEmm20TimerCompareFormat_t
                0x08004998       0xa4 .pio/build/genericSTM32F446RE/SrcWrapper/src/HardwareTimer.cpp.o
                0x08004998                HardwareTimer::setCaptureCompare(unsigned long, unsigned long, TimerCompareFormat_t)
 .text.TIM1_UP_TIM10_IRQHandler
                0x08004a3c       0x24 .pio/build/genericSTM32F446RE/SrcWrapper/src/HardwareTimer.cpp.o
                0x08004a3c                TIM1_UP_TIM10_IRQHandler
 .text.TIM1_CC_IRQHandler
                0x08004a60       0x14 .pio/build/genericSTM32F446RE/SrcWrapper/src/HardwareTimer.cpp.o
                0x08004a60                TIM1_CC_IRQHandler
 .text.TIM2_IRQHandler
                0x08004a74       0x14 .pio/build/genericSTM32F446RE/SrcWrapper/src/HardwareTimer.cpp.o
                0x08004a74                TIM2_IRQHandler
 .text.TIM3_IRQHandler
                0x08004a88       0x14 .pio/build/genericSTM32F446RE/SrcWrapper/src/HardwareTimer.cpp.o
                0x08004a88                TIM3_IRQHandler
 .text.TIM4_IRQHandler
                0x08004a9c       0x14 .pio/build/genericSTM32F446RE/SrcWrapper/src/HardwareTimer.cpp.o
                0x08004a9c                TIM4_IRQHandler
 .text.TIM5_IRQHandler
                0x08004ab0       0x14 .pio/build/genericSTM32F446RE/SrcWrapper/src/HardwareTimer.cpp.o
                0x08004ab0                TIM5_IRQHandler
 .text.TIM6_DAC_IRQHandler
                0x08004ac4       0x14 .pio/build/genericSTM32F446RE/SrcWrapper/src/HardwareTimer.cpp.o
                0x08004ac4                TIM6_DAC_IRQHandler
 .text.TIM7_IRQHandler
                0x08004ad8       0x14 .pio/build/genericSTM32F446RE/SrcWrapper/src/HardwareTimer.cpp.o
                0x08004ad8                TIM7_IRQHandler
 .text.TIM8_UP_TIM13_IRQHandler
                0x08004aec       0x24 .pio/build/genericSTM32F446RE/SrcWrapper/src/HardwareTimer.cpp.o
                0x08004aec                TIM8_UP_TIM13_IRQHandler
 .text.TIM8_CC_IRQHandler
                0x08004b10       0x14 .pio/build/genericSTM32F446RE/SrcWrapper/src/HardwareTimer.cpp.o
                0x08004b10                TIM8_CC_IRQHandler
 .text.TIM1_BRK_TIM9_IRQHandler
                0x08004b24       0x14 .pio/build/genericSTM32F446RE/SrcWrapper/src/HardwareTimer.cpp.o
                0x08004b24                TIM1_BRK_TIM9_IRQHandler
 .text.TIM1_TRG_COM_TIM11_IRQHandler
                0x08004b38       0x14 .pio/build/genericSTM32F446RE/SrcWrapper/src/HardwareTimer.cpp.o
                0x08004b38                TIM1_TRG_COM_TIM11_IRQHandler
 .text.TIM8_BRK_TIM12_IRQHandler
                0x08004b4c       0x14 .pio/build/genericSTM32F446RE/SrcWrapper/src/HardwareTimer.cpp.o
                0x08004b4c                TIM8_BRK_TIM12_IRQHandler
 .text.TIM8_TRG_COM_TIM14_IRQHandler
                0x08004b60       0x14 .pio/build/genericSTM32F446RE/SrcWrapper/src/HardwareTimer.cpp.o
                0x08004b60                TIM8_TRG_COM_TIM14_IRQHandler
 .text._ZNSt8functionIFvvEEC2Ev
                0x08004b74        0xc .pio/build/genericSTM32F446RE/SrcWrapper/src/HardwareTimer.cpp.o
                0x08004b74                std::function<void ()>::function()
                0x08004b74                std::function<void ()>::function()
 .text._ZN13HardwareTimerC2EP11TIM_TypeDef
                0x08004b80       0x2a .pio/build/genericSTM32F446RE/SrcWrapper/src/HardwareTimer.cpp.o
                0x08004b80                HardwareTimer::HardwareTimer(TIM_TypeDef*)
                0x08004b80                HardwareTimer::HardwareTimer(TIM_TypeDef*)
 .text._ZNKSt8functionIFvvEEclEv
                0x08004baa       0x12 .pio/build/genericSTM32F446RE/SrcWrapper/src/HardwareTimer.cpp.o
                0x08004baa                std::function<void ()>::operator()() const
 .text._ZN13HardwareTimer14updateCallbackEP17TIM_HandleTypeDef
                0x08004bbc       0x18 .pio/build/genericSTM32F446RE/SrcWrapper/src/HardwareTimer.cpp.o
                0x08004bbc                HardwareTimer::updateCallback(TIM_HandleTypeDef*)
 .text.HAL_TIM_PeriodElapsedCallback
                0x08004bd4        0x4 .pio/build/genericSTM32F446RE/SrcWrapper/src/HardwareTimer.cpp.o
                0x08004bd4                HAL_TIM_PeriodElapsedCallback
 .text._ZN13HardwareTimer22captureCompareCallbackEP17TIM_HandleTypeDef
                0x08004bd8       0x3e .pio/build/genericSTM32F446RE/SrcWrapper/src/HardwareTimer.cpp.o
                0x08004bd8                HardwareTimer::captureCompareCallback(TIM_HandleTypeDef*)
 .text.HAL_TIM_OC_DelayElapsedCallback
                0x08004c16        0x4 .pio/build/genericSTM32F446RE/SrcWrapper/src/HardwareTimer.cpp.o
                0x08004c16                HAL_TIM_OC_DelayElapsedCallback
 .text.HAL_TIM_IC_CaptureCallback
                0x08004c1a        0x4 .pio/build/genericSTM32F446RE/SrcWrapper/src/HardwareTimer.cpp.o
                0x08004c1a                HAL_TIM_IC_CaptureCallback
 .text._Znwj    0x08004c1e        0x4 .pio/build/genericSTM32F446RE/SrcWrapper/src/new.cpp.o
                0x08004c1e                operator new(unsigned int)
 .text._ZdlPvj  0x08004c22        0x4 .pio/build/genericSTM32F446RE/SrcWrapper/src/new.cpp.o
                0x08004c22                operator delete(void*, unsigned int)
 *fill*         0x08004c26        0x2 
 .text.set_GPIO_Port_Clock
                0x08004c28      0x110 .pio/build/genericSTM32F446RE/SrcWrapper/src/stm32/PortNames.c.o
                0x08004c28                set_GPIO_Port_Clock
 .text.get_adc_channel
                0x08004d38       0x18 .pio/build/genericSTM32F446RE/SrcWrapper/src/stm32/analog.cpp.o
                0x08004d38                get_adc_channel
 .text.get_adc_internal_channel
                0x08004d50       0x18 .pio/build/genericSTM32F446RE/SrcWrapper/src/stm32/analog.cpp.o
                0x08004d50                get_adc_internal_channel
 .text.get_dac_channel
                0x08004d68       0x24 .pio/build/genericSTM32F446RE/SrcWrapper/src/stm32/analog.cpp.o
                0x08004d68                get_dac_channel
 .text.HAL_DAC_MspInit
                0x08004d8c       0x40 .pio/build/genericSTM32F446RE/SrcWrapper/src/stm32/analog.cpp.o
                0x08004d8c                HAL_DAC_MspInit
 .text.dac_write_value
                0x08004dcc       0x7c .pio/build/genericSTM32F446RE/SrcWrapper/src/stm32/analog.cpp.o
                0x08004dcc                dac_write_value
 .text.HAL_DAC_MspDeInit
                0x08004e48       0x2c .pio/build/genericSTM32F446RE/SrcWrapper/src/stm32/analog.cpp.o
                0x08004e48                HAL_DAC_MspDeInit
 .text.dac_stop
                0x08004e74       0x34 .pio/build/genericSTM32F446RE/SrcWrapper/src/stm32/analog.cpp.o
                0x08004e74                dac_stop
 .text.HAL_ADC_MspInit
                0x08004ea8       0x90 .pio/build/genericSTM32F446RE/SrcWrapper/src/stm32/analog.cpp.o
                0x08004ea8                HAL_ADC_MspInit
 .text.HAL_ADC_MspDeInit
                0x08004f38       0x58 .pio/build/genericSTM32F446RE/SrcWrapper/src/stm32/analog.cpp.o
                0x08004f38                HAL_ADC_MspDeInit
 .text.adc_read_value
                0x08004f90      0x140 .pio/build/genericSTM32F446RE/SrcWrapper/src/stm32/analog.cpp.o
                0x08004f90                adc_read_value
 .text.pwm_start
                0x080050d0       0xa0 .pio/build/genericSTM32F446RE/SrcWrapper/src/stm32/analog.cpp.o
                0x080050d0                pwm_start
 .text.pwm_stop
                0x08005170       0x5c .pio/build/genericSTM32F446RE/SrcWrapper/src/stm32/analog.cpp.o
                0x08005170                pwm_stop
 .text.getCurrentMicros
                0x080051cc       0x48 .pio/build/genericSTM32F446RE/SrcWrapper/src/stm32/clock.c.o
                0x080051cc                getCurrentMicros
 .text.getCurrentMillis
                0x08005214        0x4 .pio/build/genericSTM32F446RE/SrcWrapper/src/stm32/clock.c.o
                0x08005214                getCurrentMillis
 .text.SysTick_Handler
                0x08005218       0x10 .pio/build/genericSTM32F446RE/SrcWrapper/src/stm32/clock.c.o
                0x08005218                SysTick_Handler
 .text.configHSECapacitorTuning
                0x08005228        0x2 .pio/build/genericSTM32F446RE/SrcWrapper/src/stm32/clock.c.o
                0x08005228                configHSECapacitorTuning
 *fill*         0x0800522a        0x2 
 .text.configIPClock
                0x0800522c       0x4c .pio/build/genericSTM32F446RE/SrcWrapper/src/stm32/clock.c.o
                0x0800522c                configIPClock
 .text.dwt_init
                0x08005278       0x3c .pio/build/genericSTM32F446RE/SrcWrapper/src/stm32/dwt.c.o
                0x08005278                dwt_init
 .text.hw_config_init
                0x080052b4       0x24 .pio/build/genericSTM32F446RE/SrcWrapper/src/stm32/hw_config.c.o
                0x080052b4                hw_config_init
 .text.startup._ZNSt8functionIFvvEEC2EDn.constprop.0.isra.0
                0x080052d8        0xc .pio/build/genericSTM32F446RE/SrcWrapper/src/stm32/interrupt.cpp.o
 .text.HAL_GPIO_EXTI_Callback
                0x080052e4       0x2c .pio/build/genericSTM32F446RE/SrcWrapper/src/stm32/interrupt.cpp.o
                0x080052e4                HAL_GPIO_EXTI_Callback
 .text.EXTI0_IRQHandler
                0x08005310        0x6 .pio/build/genericSTM32F446RE/SrcWrapper/src/stm32/interrupt.cpp.o
                0x08005310                EXTI0_IRQHandler
 .text.EXTI1_IRQHandler
                0x08005316        0x6 .pio/build/genericSTM32F446RE/SrcWrapper/src/stm32/interrupt.cpp.o
                0x08005316                EXTI1_IRQHandler
 .text.EXTI2_IRQHandler
                0x0800531c        0x6 .pio/build/genericSTM32F446RE/SrcWrapper/src/stm32/interrupt.cpp.o
                0x0800531c                EXTI2_IRQHandler
 .text.EXTI3_IRQHandler
                0x08005322        0x6 .pio/build/genericSTM32F446RE/SrcWrapper/src/stm32/interrupt.cpp.o
                0x08005322                EXTI3_IRQHandler
 .text.EXTI4_IRQHandler
                0x08005328        0x6 .pio/build/genericSTM32F446RE/SrcWrapper/src/stm32/interrupt.cpp.o
                0x08005328                EXTI4_IRQHandler
 .text.EXTI9_5_IRQHandler
                0x0800532e       0x16 .pio/build/genericSTM32F446RE/SrcWrapper/src/stm32/interrupt.cpp.o
                0x0800532e                EXTI9_5_IRQHandler
 .text.EXTI15_10_IRQHandler
                0x08005344       0x18 .pio/build/genericSTM32F446RE/SrcWrapper/src/stm32/interrupt.cpp.o
                0x08005344                EXTI15_10_IRQHandler
 .text.startup._GLOBAL__sub_I__Z22stm32_interrupt_enableP12GPIO_TypeDeftSt8functionIFvvEEm
                0x0800535c       0xd8 .pio/build/genericSTM32F446RE/SrcWrapper/src/stm32/interrupt.cpp.o
 .text.exit._GLOBAL__sub_D__Z22stm32_interrupt_enableP12GPIO_TypeDeftSt8functionIFvvEEm
                0x08005434       0x1c .pio/build/genericSTM32F446RE/SrcWrapper/src/stm32/interrupt.cpp.o
 .text.LL_GPIO_SetPinPull
                0x08005450       0x2a .pio/build/genericSTM32F446RE/SrcWrapper/src/stm32/pinmap.c.o
 .text.pin_in_pinmap
                0x0800547a       0x1e .pio/build/genericSTM32F446RE/SrcWrapper/src/stm32/pinmap.c.o
                0x0800547a                pin_in_pinmap
 .text.pin_function
                0x08005498      0x11c .pio/build/genericSTM32F446RE/SrcWrapper/src/stm32/pinmap.c.o
                0x08005498                pin_function
 .text.pinmap_pinout
                0x080055b4       0x1a .pio/build/genericSTM32F446RE/SrcWrapper/src/stm32/pinmap.c.o
                0x080055b4                pinmap_pinout
 .text.pinmap_find_peripheral
                0x080055ce       0x16 .pio/build/genericSTM32F446RE/SrcWrapper/src/stm32/pinmap.c.o
                0x080055ce                pinmap_find_peripheral
 .text.pinmap_peripheral
                0x080055e4        0xc .pio/build/genericSTM32F446RE/SrcWrapper/src/stm32/pinmap.c.o
                0x080055e4                pinmap_peripheral
 .text.pinmap_find_pin
                0x080055f0       0x16 .pio/build/genericSTM32F446RE/SrcWrapper/src/stm32/pinmap.c.o
                0x080055f0                pinmap_find_pin
 .text.pinmap_pin
                0x08005606        0xc .pio/build/genericSTM32F446RE/SrcWrapper/src/stm32/pinmap.c.o
                0x08005606                pinmap_pin
 .text.pinmap_find_function
                0x08005612       0x16 .pio/build/genericSTM32F446RE/SrcWrapper/src/stm32/pinmap.c.o
                0x08005612                pinmap_find_function
 .text.pinmap_function
                0x08005628        0xa .pio/build/genericSTM32F446RE/SrcWrapper/src/stm32/pinmap.c.o
                0x08005628                pinmap_function
 .text.pinmap_merge_peripheral
                0x08005632       0x14 .pio/build/genericSTM32F446RE/SrcWrapper/src/stm32/pinmap.c.o
                0x08005632                pinmap_merge_peripheral
 *fill*         0x08005646        0x2 
 .text.SystemInit
                0x08005648       0x50 .pio/build/genericSTM32F446RE/SrcWrapper/src/stm32/system_stm32yyxx.c.o
                0x08005648                SystemInit
 .text.get_timer_obj
                0x08005698        0x4 .pio/build/genericSTM32F446RE/SrcWrapper/src/stm32/timer.c.o
                0x08005698                get_timer_obj
 .text.enableTimerClock
                0x0800569c      0x200 .pio/build/genericSTM32F446RE/SrcWrapper/src/stm32/timer.c.o
                0x0800569c                enableTimerClock
 .text.disableTimerClock
                0x0800589c      0x130 .pio/build/genericSTM32F446RE/SrcWrapper/src/stm32/timer.c.o
                0x0800589c                disableTimerClock
 .text.getTimerUpIrq
                0x080059cc       0xbc .pio/build/genericSTM32F446RE/SrcWrapper/src/stm32/timer.c.o
                0x080059cc                getTimerUpIrq
 .text.getTimerCCIrq
                0x08005a88       0xc4 .pio/build/genericSTM32F446RE/SrcWrapper/src/stm32/timer.c.o
                0x08005a88                getTimerCCIrq
 .text.HAL_TIM_Base_MspInit
                0x08005b4c       0x4e .pio/build/genericSTM32F446RE/SrcWrapper/src/stm32/timer.c.o
                0x08005b4c                HAL_TIM_Base_MspInit
 *fill*         0x08005b9a        0x2 
 .text.getTimerClkSrc
                0x08005b9c       0x9c .pio/build/genericSTM32F446RE/SrcWrapper/src/stm32/timer.c.o
                0x08005b9c                getTimerClkSrc
 .text.getTimerChannel
                0x08005c38       0x20 .pio/build/genericSTM32F446RE/SrcWrapper/src/stm32/timer.c.o
                0x08005c38                getTimerChannel
 .text.uart_init.part.0
                0x08005c58      0x278 .pio/build/genericSTM32F446RE/SrcWrapper/src/stm32/uart.c.o
 .text.uart_init
                0x08005ed0       0x16 .pio/build/genericSTM32F446RE/SrcWrapper/src/stm32/uart.c.o
                0x08005ed0                uart_init
 *fill*         0x08005ee6        0x2 
 .text.serial_rx_active
                0x08005ee8       0x24 .pio/build/genericSTM32F446RE/SrcWrapper/src/stm32/uart.c.o
                0x08005ee8                serial_rx_active
 .text.serial_tx_active
                0x08005f0c       0x24 .pio/build/genericSTM32F446RE/SrcWrapper/src/stm32/uart.c.o
                0x08005f0c                serial_tx_active
 .text.uart_getc
                0x08005f30       0x38 .pio/build/genericSTM32F446RE/SrcWrapper/src/stm32/uart.c.o
                0x08005f30                uart_getc
 .text.uart_attach_rx_callback
                0x08005f68       0x40 .pio/build/genericSTM32F446RE/SrcWrapper/src/stm32/uart.c.o
                0x08005f68                uart_attach_rx_callback
 .text.uart_attach_tx_callback
                0x08005fa8       0x40 .pio/build/genericSTM32F446RE/SrcWrapper/src/stm32/uart.c.o
                0x08005fa8                uart_attach_tx_callback
 .text.uart_enable_tx
                0x08005fe8       0x1c .pio/build/genericSTM32F446RE/SrcWrapper/src/stm32/uart.c.o
                0x08005fe8                uart_enable_tx
 .text.uart_enable_rx
                0x08006004       0x1c .pio/build/genericSTM32F446RE/SrcWrapper/src/stm32/uart.c.o
                0x08006004                uart_enable_rx
 .text.HAL_UART_RxCpltCallback
                0x08006020        0x6 .pio/build/genericSTM32F446RE/SrcWrapper/src/stm32/uart.c.o
                0x08006020                HAL_UART_RxCpltCallback
 .text.HAL_UART_TxCpltCallback
                0x08006026        0x6 .pio/build/genericSTM32F446RE/SrcWrapper/src/stm32/uart.c.o
                0x08006026                HAL_UART_TxCpltCallback
 .text.HAL_UART_ErrorCallback
                0x0800602c       0x7c .pio/build/genericSTM32F446RE/SrcWrapper/src/stm32/uart.c.o
                0x0800602c                HAL_UART_ErrorCallback
 .text.USART1_IRQHandler
                0x080060a8       0x18 .pio/build/genericSTM32F446RE/SrcWrapper/src/stm32/uart.c.o
                0x080060a8                USART1_IRQHandler
 .text.USART2_IRQHandler
                0x080060c0       0x1c .pio/build/genericSTM32F446RE/SrcWrapper/src/stm32/uart.c.o
                0x080060c0                USART2_IRQHandler
 .text.USART3_IRQHandler
                0x080060dc       0x1c .pio/build/genericSTM32F446RE/SrcWrapper/src/stm32/uart.c.o
                0x080060dc                USART3_IRQHandler
 .text.UART4_IRQHandler
                0x080060f8       0x18 .pio/build/genericSTM32F446RE/SrcWrapper/src/stm32/uart.c.o
                0x080060f8                UART4_IRQHandler
 .text.UART5_IRQHandler
                0x08006110       0x18 .pio/build/genericSTM32F446RE/SrcWrapper/src/stm32/uart.c.o
                0x08006110                UART5_IRQHandler
 .text.USART6_IRQHandler
                0x08006128       0x18 .pio/build/genericSTM32F446RE/SrcWrapper/src/stm32/uart.c.o
                0x08006128                USART6_IRQHandler
 .text._exit    0x08006140        0x2 .pio/build/genericSTM32F446RE/SrcWrapper/src/syscalls.c.o
                0x08006140                _exit
 *fill*         0x08006142        0x2 
 .text._kill    0x08006144       0x10 .pio/build/genericSTM32F446RE/SrcWrapper/src/syscalls.c.o
                0x08006144                _kill
 .text._getpid  0x08006154        0x4 .pio/build/genericSTM32F446RE/SrcWrapper/src/syscalls.c.o
                0x08006154                _getpid
 .text.vListInitialise
                0x08006158       0x16 .pio/build/genericSTM32F446RE/libb14/STM32duino FreeRTOS/FreeRTOS/Source/list.c.o
                0x08006158                vListInitialise
 .text.vListInitialiseItem
                0x0800616e        0x6 .pio/build/genericSTM32F446RE/libb14/STM32duino FreeRTOS/FreeRTOS/Source/list.c.o
                0x0800616e                vListInitialiseItem
 .text.vListInsertEnd
                0x08006174       0x16 .pio/build/genericSTM32F446RE/libb14/STM32duino FreeRTOS/FreeRTOS/Source/list.c.o
                0x08006174                vListInsertEnd
 .text.vListInsert
                0x0800618a       0x2e .pio/build/genericSTM32F446RE/libb14/STM32duino FreeRTOS/FreeRTOS/Source/list.c.o
                0x0800618a                vListInsert
 .text.uxListRemove
                0x080061b8       0x20 .pio/build/genericSTM32F446RE/libb14/STM32duino FreeRTOS/FreeRTOS/Source/list.c.o
                0x080061b8                uxListRemove
 .text.prvIsQueueEmpty
                0x080061d8       0x16 .pio/build/genericSTM32F446RE/libb14/STM32duino FreeRTOS/FreeRTOS/Source/queue.c.o
 .text.prvCopyDataToQueue
                0x080061ee       0x66 .pio/build/genericSTM32F446RE/libb14/STM32duino FreeRTOS/FreeRTOS/Source/queue.c.o
 .text.prvCopyDataFromQueue
                0x08006254       0x2c .pio/build/genericSTM32F446RE/libb14/STM32duino FreeRTOS/FreeRTOS/Source/queue.c.o
 .text.prvUnlockQueue
                0x08006280       0x70 .pio/build/genericSTM32F446RE/libb14/STM32duino FreeRTOS/FreeRTOS/Source/queue.c.o
 .text.xQueueGenericReset
                0x080062f0       0x7e .pio/build/genericSTM32F446RE/libb14/STM32duino FreeRTOS/FreeRTOS/Source/queue.c.o
                0x080062f0                xQueueGenericReset
 .text.xQueueGenericCreate
                0x0800636e       0x48 .pio/build/genericSTM32F446RE/libb14/STM32duino FreeRTOS/FreeRTOS/Source/queue.c.o
                0x0800636e                xQueueGenericCreate
 .text.xQueueGenericSend
                0x080063b6      0x178 .pio/build/genericSTM32F446RE/libb14/STM32duino FreeRTOS/FreeRTOS/Source/queue.c.o
                0x080063b6                xQueueGenericSend
 .text.xQueueGenericSendFromISR
                0x0800652e       0xba .pio/build/genericSTM32F446RE/libb14/STM32duino FreeRTOS/FreeRTOS/Source/queue.c.o
                0x0800652e                xQueueGenericSendFromISR
 .text.xQueueReceive
                0x080065e8      0x13e .pio/build/genericSTM32F446RE/libb14/STM32duino FreeRTOS/FreeRTOS/Source/queue.c.o
                0x080065e8                xQueueReceive
 *fill*         0x08006726        0x2 
 .text.vQueueAddToRegistry
                0x08006728       0x24 .pio/build/genericSTM32F446RE/libb14/STM32duino FreeRTOS/FreeRTOS/Source/queue.c.o
                0x08006728                vQueueAddToRegistry
 .text.vQueueWaitForMessageRestricted
                0x0800674c       0x46 .pio/build/genericSTM32F446RE/libb14/STM32duino FreeRTOS/FreeRTOS/Source/queue.c.o
                0x0800674c                vQueueWaitForMessageRestricted
 *fill*         0x08006792        0x2 
 .text.prvAddCurrentTaskToDelayedList
                0x08006794       0x88 .pio/build/genericSTM32F446RE/libb14/STM32duino FreeRTOS/FreeRTOS/Source/tasks.c.o
 .text.prvIdleTask
                0x0800681c       0x74 .pio/build/genericSTM32F446RE/libb14/STM32duino FreeRTOS/FreeRTOS/Source/tasks.c.o
 .text.prvTaskIsTaskSuspended
                0x08006890       0x38 .pio/build/genericSTM32F446RE/libb14/STM32duino FreeRTOS/FreeRTOS/Source/tasks.c.o
 .text.prvResetNextTaskUnblockTime
                0x080068c8       0x24 .pio/build/genericSTM32F446RE/libb14/STM32duino FreeRTOS/FreeRTOS/Source/tasks.c.o
 .text.xTaskCreate
                0x080068ec      0x208 .pio/build/genericSTM32F446RE/libb14/STM32duino FreeRTOS/FreeRTOS/Source/tasks.c.o
                0x080068ec                xTaskCreate
 .text.vTaskDelete
                0x08006af4       0xe0 .pio/build/genericSTM32F446RE/libb14/STM32duino FreeRTOS/FreeRTOS/Source/tasks.c.o
                0x08006af4                vTaskDelete
 .text.vTaskResume
                0x08006bd4       0x84 .pio/build/genericSTM32F446RE/libb14/STM32duino FreeRTOS/FreeRTOS/Source/tasks.c.o
                0x08006bd4                vTaskResume
 .text.vTaskStartScheduler
                0x08006c58       0x98 .pio/build/genericSTM32F446RE/libb14/STM32duino FreeRTOS/FreeRTOS/Source/tasks.c.o
                0x08006c58                vTaskStartScheduler
 .text.vTaskSuspendAll
                0x08006cf0       0x10 .pio/build/genericSTM32F446RE/libb14/STM32duino FreeRTOS/FreeRTOS/Source/tasks.c.o
                0x08006cf0                vTaskSuspendAll
 .text.xTaskGetTickCount
                0x08006d00        0xc .pio/build/genericSTM32F446RE/libb14/STM32duino FreeRTOS/FreeRTOS/Source/tasks.c.o
                0x08006d00                xTaskGetTickCount
 .text.xTaskIncrementTick
                0x08006d0c      0x140 .pio/build/genericSTM32F446RE/libb14/STM32duino FreeRTOS/FreeRTOS/Source/tasks.c.o
                0x08006d0c                xTaskIncrementTick
 .text.xTaskResumeAll
                0x08006e4c       0xec .pio/build/genericSTM32F446RE/libb14/STM32duino FreeRTOS/FreeRTOS/Source/tasks.c.o
                0x08006e4c                xTaskResumeAll
 .text.vTaskDelay
                0x08006f38       0x48 .pio/build/genericSTM32F446RE/libb14/STM32duino FreeRTOS/FreeRTOS/Source/tasks.c.o
                0x08006f38                vTaskDelay
 .text.vTaskSwitchContext
                0x08006f80       0x80 .pio/build/genericSTM32F446RE/libb14/STM32duino FreeRTOS/FreeRTOS/Source/tasks.c.o
                0x08006f80                vTaskSwitchContext
 .text.vTaskSuspend
                0x08007000       0xd8 .pio/build/genericSTM32F446RE/libb14/STM32duino FreeRTOS/FreeRTOS/Source/tasks.c.o
                0x08007000                vTaskSuspend
 .text.vTaskPlaceOnEventList
                0x080070d8       0x34 .pio/build/genericSTM32F446RE/libb14/STM32duino FreeRTOS/FreeRTOS/Source/tasks.c.o
                0x080070d8                vTaskPlaceOnEventList
 .text.vTaskPlaceOnEventListRestricted
                0x0800710c       0x3c .pio/build/genericSTM32F446RE/libb14/STM32duino FreeRTOS/FreeRTOS/Source/tasks.c.o
                0x0800710c                vTaskPlaceOnEventListRestricted
 .text.xTaskRemoveFromEventList
                0x08007148       0x84 .pio/build/genericSTM32F446RE/libb14/STM32duino FreeRTOS/FreeRTOS/Source/tasks.c.o
                0x08007148                xTaskRemoveFromEventList
 .text.vTaskInternalSetTimeOutState
                0x080071cc       0x18 .pio/build/genericSTM32F446RE/libb14/STM32duino FreeRTOS/FreeRTOS/Source/tasks.c.o
                0x080071cc                vTaskInternalSetTimeOutState
 .text.xTaskCheckForTimeOut
                0x080071e4       0x78 .pio/build/genericSTM32F446RE/libb14/STM32duino FreeRTOS/FreeRTOS/Source/tasks.c.o
                0x080071e4                xTaskCheckForTimeOut
 .text.vTaskMissedYield
                0x0800725c        0xc .pio/build/genericSTM32F446RE/libb14/STM32duino FreeRTOS/FreeRTOS/Source/tasks.c.o
                0x0800725c                vTaskMissedYield
 .text.xTaskGetSchedulerState
                0x08007268       0x20 .pio/build/genericSTM32F446RE/libb14/STM32duino FreeRTOS/FreeRTOS/Source/tasks.c.o
                0x08007268                xTaskGetSchedulerState
 .text.xTaskPriorityDisinherit
                0x08007288       0xa0 .pio/build/genericSTM32F446RE/libb14/STM32duino FreeRTOS/FreeRTOS/Source/tasks.c.o
                0x08007288                xTaskPriorityDisinherit
 .text.prvInsertTimerInActiveList
                0x08007328       0x3c .pio/build/genericSTM32F446RE/libb14/STM32duino FreeRTOS/FreeRTOS/Source/timers.c.o
 .text.prvCheckForValidListAndQueue
                0x08007364       0x58 .pio/build/genericSTM32F446RE/libb14/STM32duino FreeRTOS/FreeRTOS/Source/timers.c.o
 .text.xTimerCreateTimerTask
                0x080073bc       0x58 .pio/build/genericSTM32F446RE/libb14/STM32duino FreeRTOS/FreeRTOS/Source/timers.c.o
                0x080073bc                xTimerCreateTimerTask
 .text.xTimerGenericCommand
                0x08007414       0x58 .pio/build/genericSTM32F446RE/libb14/STM32duino FreeRTOS/FreeRTOS/Source/timers.c.o
                0x08007414                xTimerGenericCommand
 .text.prvSampleTimeNow
                0x0800746c       0xa4 .pio/build/genericSTM32F446RE/libb14/STM32duino FreeRTOS/FreeRTOS/Source/timers.c.o
 .text.prvTimerTask
                0x08007510      0x1b8 .pio/build/genericSTM32F446RE/libb14/STM32duino FreeRTOS/FreeRTOS/Source/timers.c.o
 .text.delayMS  0x080076c8       0x20 .pio/build/genericSTM32F446RE/libb14/STM32duino FreeRTOS/STM32FreeRTOS.c.o
 .text.errorBlink
                0x080076e8       0x40 .pio/build/genericSTM32F446RE/libb14/STM32duino FreeRTOS/STM32FreeRTOS.c.o
 .text.vApplicationIdleHook
                0x08007728        0x4 .pio/build/genericSTM32F446RE/libb14/STM32duino FreeRTOS/STM32FreeRTOS.c.o
                0x08007728                vApplicationIdleHook
 .text.hard_fault_isr
                0x0800772c        0x8 .pio/build/genericSTM32F446RE/libb14/STM32duino FreeRTOS/STM32FreeRTOS.c.o
                0x0800772c                hard_fault_isr
 .text.HardFault_Handler
                0x08007734        0x6 .pio/build/genericSTM32F446RE/libb14/STM32duino FreeRTOS/STM32FreeRTOS.c.o
                0x08007734                HardFault_Handler
 .text.bus_fault_isr
                0x0800773a        0x8 .pio/build/genericSTM32F446RE/libb14/STM32duino FreeRTOS/STM32FreeRTOS.c.o
                0x0800773a                bus_fault_isr
 .text.BusFault_Handler
                0x08007742        0x6 .pio/build/genericSTM32F446RE/libb14/STM32duino FreeRTOS/STM32FreeRTOS.c.o
                0x08007742                BusFault_Handler
 .text.usage_fault_isr
                0x08007748        0x8 .pio/build/genericSTM32F446RE/libb14/STM32duino FreeRTOS/STM32FreeRTOS.c.o
                0x08007748                usage_fault_isr
 .text.UsageFault_Handler
                0x08007750        0x6 .pio/build/genericSTM32F446RE/libb14/STM32duino FreeRTOS/STM32FreeRTOS.c.o
                0x08007750                UsageFault_Handler
 .text.vApplicationTickHook
                0x08007756        0x2 .pio/build/genericSTM32F446RE/libb14/STM32duino FreeRTOS/STM32FreeRTOS.c.o
                0x08007756                vApplicationTickHook
 .text.osSystickHandler
                0x08007758       0x14 .pio/build/genericSTM32F446RE/libb14/STM32duino FreeRTOS/cmsis_os.c.o
                0x08007758                osSystickHandler
 .text._sbrk_r  0x0800776c       0x7c .pio/build/genericSTM32F446RE/libb14/STM32duino FreeRTOS/heap.c.o
                0x0800776c                _sbrk_r
 .text.__malloc_lock
                0x080077e8       0x1c .pio/build/genericSTM32F446RE/libb14/STM32duino FreeRTOS/heap.c.o
                0x080077e8                __malloc_lock
 .text.__malloc_unlock
                0x08007804        0x4 .pio/build/genericSTM32F446RE/libb14/STM32duino FreeRTOS/heap.c.o
                0x08007804                __malloc_unlock
 .text.pvPortMalloc
                0x08007808        0x4 .pio/build/genericSTM32F446RE/libb14/STM32duino FreeRTOS/heap.c.o
                0x08007808                pvPortMalloc
 .text.vPortFree
                0x0800780c        0x4 .pio/build/genericSTM32F446RE/libb14/STM32duino FreeRTOS/heap.c.o
                0x0800780c                vPortFree
 .text.prvPortStartFirstTask
                0x08007810       0x28 .pio/build/genericSTM32F446RE/libb14/STM32duino FreeRTOS/port.c.o
 .text.vPortEnableVFP
                0x08007838       0x14 .pio/build/genericSTM32F446RE/libb14/STM32duino FreeRTOS/port.c.o
 .text.prvTaskExitError
                0x0800784c       0x40 .pio/build/genericSTM32F446RE/libb14/STM32duino FreeRTOS/port.c.o
 .text.pxPortInitialiseStack
                0x0800788c       0x2c .pio/build/genericSTM32F446RE/libb14/STM32duino FreeRTOS/port.c.o
                0x0800788c                pxPortInitialiseStack
 *fill*         0x080078b8        0x8 
 .text.SVC_Handler
                0x080078c0       0x24 .pio/build/genericSTM32F446RE/libb14/STM32duino FreeRTOS/port.c.o
                0x080078c0                SVC_Handler
 .text.vPortEnterCritical
                0x080078e4       0x40 .pio/build/genericSTM32F446RE/libb14/STM32duino FreeRTOS/port.c.o
                0x080078e4                vPortEnterCritical
 .text.vPortExitCritical
                0x08007924       0x28 .pio/build/genericSTM32F446RE/libb14/STM32duino FreeRTOS/port.c.o
                0x08007924                vPortExitCritical
 *fill*         0x0800794c        0x4 
 .text.PendSV_Handler
                0x08007950       0x64 .pio/build/genericSTM32F446RE/libb14/STM32duino FreeRTOS/port.c.o
                0x08007950                PendSV_Handler
 .text.xPortSysTickHandler
                0x080079b4       0x2c .pio/build/genericSTM32F446RE/libb14/STM32duino FreeRTOS/port.c.o
                0x080079b4                xPortSysTickHandler
 .text.vPortSetupTimerInterrupt
                0x080079e0       0x24 .pio/build/genericSTM32F446RE/libb14/STM32duino FreeRTOS/port.c.o
                0x080079e0                vPortSetupTimerInterrupt
 .text.xPortStartScheduler
                0x08007a04      0x104 .pio/build/genericSTM32F446RE/libb14/STM32duino FreeRTOS/port.c.o
                0x08007a04                xPortStartScheduler
 .text.vPortValidateInterruptPriority
                0x08007b08       0x5c .pio/build/genericSTM32F446RE/libb14/STM32duino FreeRTOS/port.c.o
                0x08007b08                vPortValidateInterruptPriority
 *fill*         0x08007b64        0x4 
 .text._ZN12Location_KitC2Ev
                0x08007b68       0x7c .pio/build/genericSTM32F446RE/src/app/algorithm/location.cpp.o
                0x08007b68                Location_Kit::Location_Kit()
                0x08007b68                Location_Kit::Location_Kit()
 *fill*         0x08007be4        0x4 
 .text._ZN12Location_Kit15updateOdometoryEiiii
                0x08007be8      0x104 .pio/build/genericSTM32F446RE/src/app/algorithm/location.cpp.o
                0x08007be8                Location_Kit::updateOdometory(int, int, int, int)
 *fill*         0x08007cec        0x4 
 .text._ZN12Location_Kit21updateObservationDataEPiS0_i
                0x08007cf0      0x45c .pio/build/genericSTM32F446RE/src/app/algorithm/location.cpp.o
                0x08007cf0                Location_Kit::updateObservationData(int*, int*, int)
 .text._ZN3SCSC2Ev
                0x0800814c       0x14 .pio/build/genericSTM32F446RE/src/device/actuator/SCServo/SCS.cpp.o
                0x0800814c                SCS::SCS()
                0x0800814c                SCS::SCS()
 .text._ZN3SCS8Host2SCSEPhS0_t
                0x08008160       0x16 .pio/build/genericSTM32F446RE/src/device/actuator/SCServo/SCS.cpp.o
                0x08008160                SCS::Host2SCS(unsigned char*, unsigned char*, unsigned short)
 .text._ZN3SCS8SCS2HostEhh
                0x08008176       0x10 .pio/build/genericSTM32F446RE/src/device/actuator/SCServo/SCS.cpp.o
                0x08008176                SCS::SCS2Host(unsigned char, unsigned char)
 .text._ZN3SCS8writeBufEhhPhhh
                0x08008186       0x92 .pio/build/genericSTM32F446RE/src/device/actuator/SCServo/SCS.cpp.o
                0x08008186                SCS::writeBuf(unsigned char, unsigned char, unsigned char*, unsigned char, unsigned char)
 .text._ZN3SCS9syncWriteEPhhhS0_h
                0x08008218       0xb8 .pio/build/genericSTM32F446RE/src/device/actuator/SCServo/SCS.cpp.o
                0x08008218                SCS::syncWrite(unsigned char*, unsigned char, unsigned char, unsigned char*, unsigned char)
 .text._ZN3SCS9checkHeadEv
                0x080082d0       0x38 .pio/build/genericSTM32F446RE/src/device/actuator/SCServo/SCS.cpp.o
                0x080082d0                SCS::checkHead()
 .text._ZN3SCS4ReadEhhPhh
                0x08008308       0xb2 .pio/build/genericSTM32F446RE/src/device/actuator/SCServo/SCS.cpp.o
                0x08008308                SCS::Read(unsigned char, unsigned char, unsigned char*, unsigned char)
 .text._ZN3SCS8readByteEhh
                0x080083ba       0x20 .pio/build/genericSTM32F446RE/src/device/actuator/SCServo/SCS.cpp.o
                0x080083ba                SCS::readByte(unsigned char, unsigned char)
 .text._ZN3SCS8readWordEhh
                0x080083da       0x2a .pio/build/genericSTM32F446RE/src/device/actuator/SCServo/SCS.cpp.o
                0x080083da                SCS::readWord(unsigned char, unsigned char)
 .text._ZN3SCS3AckEh
                0x08008404       0x5c .pio/build/genericSTM32F446RE/src/device/actuator/SCServo/SCS.cpp.o
                0x08008404                SCS::Ack(unsigned char)
 .text._ZN3SCS8genWriteEhhPhh
                0x08008460       0x3e .pio/build/genericSTM32F446RE/src/device/actuator/SCServo/SCS.cpp.o
                0x08008460                SCS::genWrite(unsigned char, unsigned char, unsigned char*, unsigned char)
 .text._ZN3SCS8regWriteEhhPhh
                0x0800849e       0x3e .pio/build/genericSTM32F446RE/src/device/actuator/SCServo/SCS.cpp.o
                0x0800849e                SCS::regWrite(unsigned char, unsigned char, unsigned char*, unsigned char)
 .text._ZN3SCS9writeByteEhhh
                0x080084dc       0x3c .pio/build/genericSTM32F446RE/src/device/actuator/SCServo/SCS.cpp.o
                0x080084dc                SCS::writeByte(unsigned char, unsigned char, unsigned char)
 .text._ZN8SCSerial6getErrEv
                0x08008518        0x4 .pio/build/genericSTM32F446RE/src/device/actuator/SCServo/SCSCL.cpp.o
                0x08008518                SCSerial::getErr()
 .text._ZN8SCSerial8writeSCSEPhi
                0x0800851c       0x10 .pio/build/genericSTM32F446RE/src/device/actuator/SCServo/SCSerial.cpp.o
                0x0800851c                SCSerial::writeSCS(unsigned char*, int)
 .text._ZN8SCSerial8writeSCSEh
                0x0800852c       0x1a .pio/build/genericSTM32F446RE/src/device/actuator/SCServo/SCSerial.cpp.o
                0x0800852c                SCSerial::writeSCS(unsigned char)
 .text._ZN8SCSerial9rFlushSCSEv
                0x08008546       0x12 .pio/build/genericSTM32F446RE/src/device/actuator/SCServo/SCSerial.cpp.o
                0x08008546                SCSerial::rFlushSCS()
 .text._ZN8SCSerial9wFlushSCSEv
                0x08008558        0x2 .pio/build/genericSTM32F446RE/src/device/actuator/SCServo/SCSerial.cpp.o
                0x08008558                SCSerial::wFlushSCS()
 .text._ZN8SCSerial7readSCSEPhi
                0x0800855a       0x40 .pio/build/genericSTM32F446RE/src/device/actuator/SCServo/SCSerial.cpp.o
                0x0800855a                SCSerial::readSCS(unsigned char*, int)
 *fill*         0x0800859a        0x2 
 .text._ZN8SCSerialC2Ev
                0x0800859c       0x1c .pio/build/genericSTM32F446RE/src/device/actuator/SCServo/SCSerial.cpp.o
                0x0800859c                SCSerial::SCSerial()
                0x0800859c                SCSerial::SCSerial()
 .text._ZN7SMS_STS10WritePosExEhsth
                0x080085b8       0x5e .pio/build/genericSTM32F446RE/src/device/actuator/SCServo/SMS_STS.cpp.o
                0x080085b8                SMS_STS::WritePosEx(unsigned char, short, unsigned short, unsigned char)
 .text._ZN7SMS_STS8WriteSpeEhsh
                0x08008616       0x4a .pio/build/genericSTM32F446RE/src/device/actuator/SCServo/SMS_STS.cpp.o
                0x08008616                SMS_STS::WriteSpe(unsigned char, short, unsigned char)
 .text._ZN7SMS_STS13RegWritePosExEhsth
                0x08008660       0x5e .pio/build/genericSTM32F446RE/src/device/actuator/SCServo/SMS_STS.cpp.o
                0x08008660                SMS_STS::RegWritePosEx(unsigned char, short, unsigned short, unsigned char)
 .text._ZN7SMS_STS14SyncWritePosExEPhhPsPtS0_
                0x080086be       0xa8 .pio/build/genericSTM32F446RE/src/device/actuator/SCServo/SMS_STS.cpp.o
                0x080086be                SMS_STS::SyncWritePosEx(unsigned char*, unsigned char, short*, unsigned short*, unsigned char*)
 .text._ZN7SMS_STS9WheelModeEh
                0x08008766        0x8 .pio/build/genericSTM32F446RE/src/device/actuator/SCServo/SMS_STS.cpp.o
                0x08008766                SMS_STS::WheelMode(unsigned char)
 .text._ZN7SMS_STS12EnableTorqueEhh
                0x0800876e        0x8 .pio/build/genericSTM32F446RE/src/device/actuator/SCServo/SMS_STS.cpp.o
                0x0800876e                SMS_STS::EnableTorque(unsigned char, unsigned char)
 .text._ZN7SMS_STS11unLockEpromEh
                0x08008776        0x8 .pio/build/genericSTM32F446RE/src/device/actuator/SCServo/SMS_STS.cpp.o
                0x08008776                SMS_STS::unLockEprom(unsigned char)
 .text._ZN7SMS_STS9LockEpromEh
                0x0800877e        0x8 .pio/build/genericSTM32F446RE/src/device/actuator/SCServo/SMS_STS.cpp.o
                0x0800877e                SMS_STS::LockEprom(unsigned char)
 .text._ZN7SMS_STS14CalibrationOfsEh
                0x08008786        0x8 .pio/build/genericSTM32F446RE/src/device/actuator/SCServo/SMS_STS.cpp.o
                0x08008786                SMS_STS::CalibrationOfs(unsigned char)
 .text._ZN7SMS_STS8FeedBackEi
                0x0800878e       0x26 .pio/build/genericSTM32F446RE/src/device/actuator/SCServo/SMS_STS.cpp.o
                0x0800878e                SMS_STS::FeedBack(int)
 .text._ZN7SMS_STS7ReadPosEi
                0x080087b4       0x30 .pio/build/genericSTM32F446RE/src/device/actuator/SCServo/SMS_STS.cpp.o
                0x080087b4                SMS_STS::ReadPos(int)
 .text._ZN7SMS_STS9ReadSpeedEi
                0x080087e4       0x30 .pio/build/genericSTM32F446RE/src/device/actuator/SCServo/SMS_STS.cpp.o
                0x080087e4                SMS_STS::ReadSpeed(int)
 .text._ZN7SMS_STS8ReadLoadEi
                0x08008814       0x30 .pio/build/genericSTM32F446RE/src/device/actuator/SCServo/SMS_STS.cpp.o
                0x08008814                SMS_STS::ReadLoad(int)
 .text._ZN7SMS_STS11ReadCurrentEi
                0x08008844       0x32 .pio/build/genericSTM32F446RE/src/device/actuator/SCServo/SMS_STS.cpp.o
                0x08008844                SMS_STS::ReadCurrent(int)
 .text._ZN7SMS_STS11ReadVoltageEi
                0x08008876       0x24 .pio/build/genericSTM32F446RE/src/device/actuator/SCServo/SMS_STS.cpp.o
                0x08008876                SMS_STS::ReadVoltage(int)
 .text._ZN7SMS_STS10ReadTemperEi
                0x0800889a       0x24 .pio/build/genericSTM32F446RE/src/device/actuator/SCServo/SMS_STS.cpp.o
                0x0800889a                SMS_STS::ReadTemper(int)
 .text._ZN7SMS_STS8ReadMoveEi
                0x080088be       0x24 .pio/build/genericSTM32F446RE/src/device/actuator/SCServo/SMS_STS.cpp.o
                0x080088be                SMS_STS::ReadMove(int)
 *fill*         0x080088e2        0x2 
 .text._ZN7SMS_STSC2Ev
                0x080088e4       0x18 .pio/build/genericSTM32F446RE/src/device/actuator/SCServo/SMS_STS.cpp.o
                0x080088e4                SMS_STS::SMS_STS()
                0x080088e4                SMS_STS::SMS_STS()
 .text._ZN6BUZZERC2EP6Output
                0x080088fc        0xc .pio/build/genericSTM32F446RE/src/device/actuator/buzzer.cpp.o
                0x080088fc                BUZZER::BUZZER(Output*)
                0x080088fc                BUZZER::BUZZER(Output*)
 .text._ZN6BUZZER12setFrequencyEi
                0x08008908       0x1c .pio/build/genericSTM32F446RE/src/device/actuator/buzzer.cpp.o
                0x08008908                BUZZER::setFrequency(int)
 .text._ZN6BUZZER4muteEv
                0x08008924        0x8 .pio/build/genericSTM32F446RE/src/device/actuator/buzzer.cpp.o
                0x08008924                BUZZER::mute()
 .text._ZN6BUZZER9bootSoundEv
                0x0800892c       0x2c .pio/build/genericSTM32F446RE/src/device/actuator/buzzer.cpp.o
                0x0800892c                BUZZER::bootSound()
 .text._ZN6BUZZER4beatEid
                0x08008958       0x94 .pio/build/genericSTM32F446RE/src/device/actuator/buzzer.cpp.o
                0x08008958                BUZZER::beat(int, double)
 *fill*         0x080089ec        0x4 
 .text._ZN6BUZZER9rescueKitEi
                0x080089f0       0xc0 .pio/build/genericSTM32F446RE/src/device/actuator/buzzer.cpp.o
                0x080089f0                BUZZER::rescueKit(int)
 .text._ZN6BUZZER6sakuraEv
                0x08008ab0      0x178 .pio/build/genericSTM32F446RE/src/device/actuator/buzzer.cpp.o
                0x08008ab0                BUZZER::sakura()
 .text._ZN6BUZZER9tokyoOndoEv
                0x08008c28      0x1d8 .pio/build/genericSTM32F446RE/src/device/actuator/buzzer.cpp.o
                0x08008c28                BUZZER::tokyoOndo()
 .text._ZN6BUZZER7sambaIIEv
                0x08008e00      0x338 .pio/build/genericSTM32F446RE/src/device/actuator/buzzer.cpp.o
                0x08008e00                BUZZER::sambaII()
 .text._ZN6BUZZER6shotenEv
                0x08009138      0x230 .pio/build/genericSTM32F446RE/src/device/actuator/buzzer.cpp.o
                0x08009138                BUZZER::shoten()
 .text._ZN6BUZZER6yuyakeEv
                0x08009368      0x110 .pio/build/genericSTM32F446RE/src/device/actuator/buzzer.cpp.o
                0x08009368                BUZZER::yuyake()
 .text._ZN6BUZZER6shogunEv
                0x08009478      0x120 .pio/build/genericSTM32F446RE/src/device/actuator/buzzer.cpp.o
                0x08009478                BUZZER::shogun()
 .text._ZN6BUZZER13matsukenSambaEv
                0x08009598     0x14f4 .pio/build/genericSTM32F446RE/src/device/actuator/buzzer.cpp.o
                0x08009598                BUZZER::matsukenSamba()
 .text._ZN3LEDC2EP17Adafruit_NeoPixelS1_S1_S1_
                0x0800aa8c       0xc6 .pio/build/genericSTM32F446RE/src/device/actuator/led.cpp.o
                0x0800aa8c                LED::LED(Adafruit_NeoPixel*, Adafruit_NeoPixel*, Adafruit_NeoPixel*, Adafruit_NeoPixel*)
                0x0800aa8c                LED::LED(Adafruit_NeoPixel*, Adafruit_NeoPixel*, Adafruit_NeoPixel*, Adafruit_NeoPixel*)
 .text._ZN3LED8setColorEim
                0x0800ab52       0x16 .pio/build/genericSTM32F446RE/src/device/actuator/led.cpp.o
                0x0800ab52                LED::setColor(int, unsigned long)
 .text._ZN3LED13setBrightnessEii
                0x0800ab68       0x38 .pio/build/genericSTM32F446RE/src/device/actuator/led.cpp.o
                0x0800ab68                LED::setBrightness(int, int)
 .text._ZN3LED16setBrightnessRawEii
                0x0800aba0        0xc .pio/build/genericSTM32F446RE/src/device/actuator/led.cpp.o
                0x0800aba0                LED::setBrightnessRaw(int, int)
 .text._ZN3LED4showEi
                0x0800abac       0x2e .pio/build/genericSTM32F446RE/src/device/actuator/led.cpp.o
                0x0800abac                LED::show(int)
 .text._ZN3LED16bootIlluminationEv
                0x0800abda       0x3a .pio/build/genericSTM32F446RE/src/device/actuator/led.cpp.o
                0x0800abda                LED::bootIllumination()
 .text._ZN3LED7showAllEv
                0x0800ac14       0x16 .pio/build/genericSTM32F446RE/src/device/actuator/led.cpp.o
                0x0800ac14                LED::showAll()
 .text._ZN3LED24initCompleteIlluminationEv
                0x0800ac2a       0xac .pio/build/genericSTM32F446RE/src/device/actuator/led.cpp.o
                0x0800ac2a                LED::initCompleteIllumination()
 .text._ZN3LED12setGlowColorEv
                0x0800acd6       0x64 .pio/build/genericSTM32F446RE/src/device/actuator/led.cpp.o
                0x0800acd6                LED::setGlowColor()
 *fill*         0x0800ad3a        0x2 
 .text.startup._GLOBAL__sub_I_serialServo
                0x0800ad3c        0xc .pio/build/genericSTM32F446RE/src/device/actuator/sts3032.cpp.o
 .text._ZN7STS3032C2EP14HardwareSerial
                0x0800ad48       0x94 .pio/build/genericSTM32F446RE/src/device/actuator/sts3032.cpp.o
                0x0800ad48                STS3032::STS3032(HardwareSerial*)
                0x0800ad48                STS3032::STS3032(HardwareSerial*)
 .text._ZN7STS303211directDriveEiii.part.0
                0x0800addc       0x2c .pio/build/genericSTM32F446RE/src/device/actuator/sts3032.cpp.o
 .text._ZN7STS30329rescueKitEii
                0x0800ae08       0x7e .pio/build/genericSTM32F446RE/src/device/actuator/sts3032.cpp.o
                0x0800ae08                STS3032::rescueKit(int, int)
 *fill*         0x0800ae86        0x2 
 .text._ZN7STS303211directDriveEiii
                0x0800ae88       0x40 .pio/build/genericSTM32F446RE/src/device/actuator/sts3032.cpp.o
                0x0800ae88                STS3032::directDrive(int, int, int)
 .text._ZN7STS303220driveAngularVelocityEii
                0x0800aec8       0x5c .pio/build/genericSTM32F446RE/src/device/actuator/sts3032.cpp.o
                0x0800aec8                STS3032::driveAngularVelocity(int, int)
 *fill*         0x0800af24        0x4 
 .text._ZN7STS30325driveEii
                0x0800af28       0x74 .pio/build/genericSTM32F446RE/src/device/actuator/sts3032.cpp.o
                0x0800af28                STS3032::drive(int, int)
 .text._ZN7STS30324stopEv
                0x0800af9c        0x8 .pio/build/genericSTM32F446RE/src/device/actuator/sts3032.cpp.o
                0x0800af9c                STS3032::stop()
 .text._ZN6CAMERAC2EP14HardwareSerial
                0x0800afa4       0x1e .pio/build/genericSTM32F446RE/src/device/sensor/camera.cpp.o
                0x0800afa4                CAMERA::CAMERA(HardwareSerial*)
                0x0800afa4                CAMERA::CAMERA(HardwareSerial*)
 *fill*         0x0800afc2        0x2 
 .text._ZN6CAMERA4readEv
                0x0800afc4       0x4c .pio/build/genericSTM32F446RE/src/device/sensor/camera.cpp.o
                0x0800afc4                CAMERA::read()
 .text._ZN15DISTANCE_SENSORC2EP14HardwareSerial
                0x0800b010       0x5c .pio/build/genericSTM32F446RE/src/device/sensor/distanceSensor.cpp.o
                0x0800b010                DISTANCE_SENSOR::DISTANCE_SENSOR(HardwareSerial*)
                0x0800b010                DISTANCE_SENSOR::DISTANCE_SENSOR(HardwareSerial*)
 .text._ZN15DISTANCE_SENSOR4readEv
                0x0800b06c       0xb0 .pio/build/genericSTM32F446RE/src/device/sensor/distanceSensor.cpp.o
                0x0800b06c                DISTANCE_SENSOR::read()
 .text._ZN15DISTANCE_SENSOR9rightWallEv
                0x0800b11c       0x3a .pio/build/genericSTM32F446RE/src/device/sensor/distanceSensor.cpp.o
                0x0800b11c                DISTANCE_SENSOR::rightWall()
 .text._ZN15DISTANCE_SENSOR8leftWallEv
                0x0800b156       0x1c .pio/build/genericSTM32F446RE/src/device/sensor/distanceSensor.cpp.o
                0x0800b156                DISTANCE_SENSOR::leftWall()
 *fill*         0x0800b172        0x2 
 .text._ZN15DISTANCE_SENSOR9directionEv
                0x0800b174       0xf0 .pio/build/genericSTM32F446RE/src/device/sensor/distanceSensor.cpp.o
                0x0800b174                DISTANCE_SENSOR::direction()
 *fill*         0x0800b264        0x4 
 .text._ZN15DISTANCE_SENSOR4calcEi
                0x0800b268       0xbc .pio/build/genericSTM32F446RE/src/device/sensor/distanceSensor.cpp.o
                0x0800b268                DISTANCE_SENSOR::calc(int)
 .text._ZN15DISTANCE_SENSOR13wallConditionEv
                0x0800b324       0x70 .pio/build/genericSTM32F446RE/src/device/sensor/distanceSensor.cpp.o
                0x0800b324                DISTANCE_SENSOR::wallCondition()
 .text._ZN12FLOOR_SENSOR4initEv
                0x0800b394       0x2c .pio/build/genericSTM32F446RE/src/device/sensor/floorSensor.cpp.o
                0x0800b394                FLOOR_SENSOR::init()
 .text._ZN12FLOOR_SENSOR8colorRGBEiii
                0x0800b3c0       0x12 .pio/build/genericSTM32F446RE/src/device/sensor/floorSensor.cpp.o
                0x0800b3c0                FLOOR_SENSOR::colorRGB(int, int, int)
 *fill*         0x0800b3d2        0x2 
 .text._ZN12FLOOR_SENSOR13setFloorColorEm
                0x0800b3d4       0x24 .pio/build/genericSTM32F446RE/src/device/sensor/floorSensor.cpp.o
                0x0800b3d4                FLOOR_SENSOR::setFloorColor(unsigned long)
 .text._ZN12FLOOR_SENSOR13colorJudgmentEv
                0x0800b3f8       0x38 .pio/build/genericSTM32F446RE/src/device/sensor/floorSensor.cpp.o
                0x0800b3f8                FLOOR_SENSOR::colorJudgment()
 .text._ZN4GYROC2EP15Adafruit_BNO055
                0x0800b430       0x1e .pio/build/genericSTM32F446RE/src/device/sensor/gyro.cpp.o
                0x0800b430                GYRO::GYRO(Adafruit_BNO055*)
                0x0800b430                GYRO::GYRO(Adafruit_BNO055*)
 .text._ZN4GYRO4initEv
                0x0800b44e       0x58 .pio/build/genericSTM32F446RE/src/device/sensor/gyro.cpp.o
                0x0800b44e                GYRO::init()
 .text._ZN4GYRO9setOffsetEv
                0x0800b4a6       0x2c .pio/build/genericSTM32F446RE/src/device/sensor/gyro.cpp.o
                0x0800b4a6                GYRO::setOffset()
 .text._ZN4GYRO9directionEv
                0x0800b4d2       0x58 .pio/build/genericSTM32F446RE/src/device/sensor/gyro.cpp.o
                0x0800b4d2                GYRO::direction()
 *fill*         0x0800b52a        0x2 
 .text._ZN4GYRO4readEv
                0x0800b52c       0xb0 .pio/build/genericSTM32F446RE/src/device/sensor/gyro.cpp.o
                0x0800b52c                GYRO::read()
 .text._ZN6OutputC2Ei
                0x0800b5dc       0x16 .pio/build/genericSTM32F446RE/src/kit/IO-Kit.cpp.o
                0x0800b5dc                Output::Output(int)
                0x0800b5dc                Output::Output(int)
 .text._ZN6Output6setPWMEi
                0x0800b5f2       0x18 .pio/build/genericSTM32F446RE/src/kit/IO-Kit.cpp.o
                0x0800b5f2                Output::setPWM(int)
 .text._ZN5InputC2Ei
                0x0800b60a       0x12 .pio/build/genericSTM32F446RE/src/kit/IO-Kit.cpp.o
                0x0800b60a                Input::Input(int)
                0x0800b60a                Input::Input(int)
 .text._ZN5Input7digitalEv
                0x0800b61c       0x10 .pio/build/genericSTM32F446RE/src/kit/IO-Kit.cpp.o
                0x0800b61c                Input::digital()
 .text._ZN5Input3rawEv
                0x0800b62c        0x6 .pio/build/genericSTM32F446RE/src/kit/IO-Kit.cpp.o
                0x0800b62c                Input::raw()
 .text._ZN5InputcvbEv
                0x0800b632        0x4 .pio/build/genericSTM32F446RE/src/kit/IO-Kit.cpp.o
                0x0800b632                Input::operator bool()
 .text._ZN8RTOS_KitC2Ev
                0x0800b636        0x6 .pio/build/genericSTM32F446RE/src/kit/RTOS-Kit.cpp.o
                0x0800b636                RTOS_Kit::RTOS_Kit()
                0x0800b636                RTOS_Kit::RTOS_Kit()
 .text._ZN8RTOS_Kit6createEPFvPvEi
                0x0800b63c       0x4c .pio/build/genericSTM32F446RE/src/kit/RTOS-Kit.cpp.o
                0x0800b63c                RTOS_Kit::create(void (*)(void*), int)
 .text._ZN8RTOS_Kit5startEPFvPvE
                0x0800b688       0x2c .pio/build/genericSTM32F446RE/src/kit/RTOS-Kit.cpp.o
                0x0800b688                RTOS_Kit::start(void (*)(void*))
 .text._ZN8RTOS_Kit7restartEPFvPvE
                0x0800b6b4       0x54 .pio/build/genericSTM32F446RE/src/kit/RTOS-Kit.cpp.o
                0x0800b6b4                RTOS_Kit::restart(void (*)(void*))
 .text._ZN8RTOS_Kit4stopEPFvPvE
                0x0800b708       0x2c .pio/build/genericSTM32F446RE/src/kit/RTOS-Kit.cpp.o
                0x0800b708                RTOS_Kit::stop(void (*)(void*))
 .text._ZN8RTOS_Kit9startRTOSEv
                0x0800b734        0x4 .pio/build/genericSTM32F446RE/src/kit/RTOS-Kit.cpp.o
                0x0800b734                RTOS_Kit::startRTOS()
 .text._ZN8RTOS_Kit5delayEm
                0x0800b738        0x6 .pio/build/genericSTM32F446RE/src/kit/RTOS-Kit.cpp.o
                0x0800b738                RTOS_Kit::delay(unsigned long)
 *fill*         0x0800b73e        0x2 
 .text._Z8servoAppPv
                0x0800b740       0x54 .pio/build/genericSTM32F446RE/src/main.cpp.o
                0x0800b740                servoApp(void*)
 .text._Z11leftWallAppPv
                0x0800b794      0x124 .pio/build/genericSTM32F446RE/src/main.cpp.o
                0x0800b794                leftWallApp(void*)
 .text._Z15victimNotifyAppPv
                0x0800b8b8      0x19c .pio/build/genericSTM32F446RE/src/main.cpp.o
                0x0800b8b8                victimNotifyApp(void*)
 .text._Z13adjustmentAppPv
                0x0800ba54      0x134 .pio/build/genericSTM32F446RE/src/main.cpp.o
                0x0800ba54                adjustmentApp(void*)
 .text._Z19DepthFirstSearchAppPv
                0x0800bb88       0xdc .pio/build/genericSTM32F446RE/src/main.cpp.o
                0x0800bb88                DepthFirstSearchApp(void*)
 *fill*         0x0800bc64        0x4 
 .text._Z8floorAppPv
                0x0800bc68      0x474 .pio/build/genericSTM32F446RE/src/main.cpp.o
                0x0800bc68                floorApp(void*)
 *fill*         0x0800c0dc        0x4 
 .text._Z8AstarAppPv
                0x0800c0e0      0x4e8 .pio/build/genericSTM32F446RE/src/main.cpp.o
                0x0800c0e0                AstarApp(void*)
 .text._Z10monitorAppPv
                0x0800c5c8       0x80 .pio/build/genericSTM32F446RE/src/main.cpp.o
                0x0800c5c8                monitorApp(void*)
 .text._Z6ledAppPv
                0x0800c648      0x104 .pio/build/genericSTM32F446RE/src/main.cpp.o
                0x0800c648                ledApp(void*)
 .text._ZN14HardwareSerial5writeEi.isra.0
                0x0800c74c        0x8 .pio/build/genericSTM32F446RE/src/main.cpp.o
 *fill*         0x0800c754        0x4 
 .text._ZN8LOADCELL4readEv
                0x0800c758       0xe8 .pio/build/genericSTM32F446RE/src/main.cpp.o
                0x0800c758                LOADCELL::read()
 .text._Z9sensorAppPv
                0x0800c840       0xfc .pio/build/genericSTM32F446RE/src/main.cpp.o
                0x0800c840                sensorApp(void*)
 .text._Z8initUARTv
                0x0800c93c       0x38 .pio/build/genericSTM32F446RE/src/main.cpp.o
                0x0800c93c                initUART()
 .text._Z7initI2Cv
                0x0800c974       0x20 .pio/build/genericSTM32F446RE/src/main.cpp.o
                0x0800c974                initI2C()
 .text._Z10initDevicev
                0x0800c994       0x64 .pio/build/genericSTM32F446RE/src/main.cpp.o
                0x0800c994                initDevice()
 .text._Z9mapUpdatev
                0x0800c9f8      0x260 .pio/build/genericSTM32F446RE/src/main.cpp.o
                0x0800c9f8                mapUpdate()
 .text._Z11locationAppPv
                0x0800cc58       0x54 .pio/build/genericSTM32F446RE/src/main.cpp.o
                0x0800cc58                locationApp(void*)
 .text._Z9turnRightv
                0x0800ccac       0x3c .pio/build/genericSTM32F446RE/src/main.cpp.o
                0x0800ccac                turnRight()
 .text._Z8turnLeftv
                0x0800cce8       0x3c .pio/build/genericSTM32F446RE/src/main.cpp.o
                0x0800cce8                turnLeft()
 .text._Z11turnReversev
                0x0800cd24       0x3c .pio/build/genericSTM32F446RE/src/main.cpp.o
                0x0800cd24                turnReverse()
 .text._Z12rightWallAppPv
                0x0800cd60       0xd8 .pio/build/genericSTM32F446RE/src/main.cpp.o
                0x0800cd60                rightWallApp(void*)
 .text.setup    0x0800ce38       0xa0 .pio/build/genericSTM32F446RE/src/main.cpp.o
                0x0800ce38                setup
 .text.loop     0x0800ced8        0x2 .pio/build/genericSTM32F446RE/src/main.cpp.o
                0x0800ced8                loop
 *fill*         0x0800ceda        0x2 
 .text.startup._GLOBAL__sub_I_app
                0x0800cedc      0x20c .pio/build/genericSTM32F446RE/src/main.cpp.o
 .text.exit._GLOBAL__sub_D_app
                0x0800d0e8       0x38 .pio/build/genericSTM32F446RE/src/main.cpp.o
 .text._Z12settingWritev
                0x0800d120       0xa0 .pio/build/genericSTM32F446RE/src/main.cpp.o
                0x0800d120                settingWrite()
 .text._Z12runningWritev
                0x0800d1c0       0x94 .pio/build/genericSTM32F446RE/src/main.cpp.o
                0x0800d1c0                runningWrite()
 .text._Z7mainAppPv
                0x0800d254      0x12c .pio/build/genericSTM32F446RE/src/main.cpp.o
                0x0800d254                mainApp(void*)
 .text._ZN17Adafruit_NeoPixelD2Ev
                0x0800d380       0x1c .pio/build/genericSTM32F446RE/lib79b/libAdafruit NeoPixel.a(Adafruit_NeoPixel.cpp.o)
                0x0800d380                Adafruit_NeoPixel::~Adafruit_NeoPixel()
                0x0800d380                Adafruit_NeoPixel::~Adafruit_NeoPixel()
 .text._ZN17Adafruit_NeoPixel5beginEv
                0x0800d39c       0x22 .pio/build/genericSTM32F446RE/lib79b/libAdafruit NeoPixel.a(Adafruit_NeoPixel.cpp.o)
                0x0800d39c                Adafruit_NeoPixel::begin()
 .text._ZN17Adafruit_NeoPixel12updateLengthEt
                0x0800d3be       0x3c .pio/build/genericSTM32F446RE/lib79b/libAdafruit NeoPixel.a(Adafruit_NeoPixel.cpp.o)
                0x0800d3be                Adafruit_NeoPixel::updateLength(unsigned short)
 .text._ZN17Adafruit_NeoPixel10updateTypeEt
                0x0800d3fa       0x4a .pio/build/genericSTM32F446RE/lib79b/libAdafruit NeoPixel.a(Adafruit_NeoPixel.cpp.o)
                0x0800d3fa                Adafruit_NeoPixel::updateType(unsigned short)
 .text._ZN17Adafruit_NeoPixel4showEv
                0x0800d444      0x138 .pio/build/genericSTM32F446RE/lib79b/libAdafruit NeoPixel.a(Adafruit_NeoPixel.cpp.o)
                0x0800d444                Adafruit_NeoPixel::show()
 .text._ZN17Adafruit_NeoPixel6setPinEs
                0x0800d57c       0x9c .pio/build/genericSTM32F446RE/lib79b/libAdafruit NeoPixel.a(Adafruit_NeoPixel.cpp.o)
                0x0800d57c                Adafruit_NeoPixel::setPin(short)
 .text._ZN17Adafruit_NeoPixelC2Etst
                0x0800d618       0x2c .pio/build/genericSTM32F446RE/lib79b/libAdafruit NeoPixel.a(Adafruit_NeoPixel.cpp.o)
                0x0800d618                Adafruit_NeoPixel::Adafruit_NeoPixel(unsigned short, short, unsigned short)
                0x0800d618                Adafruit_NeoPixel::Adafruit_NeoPixel(unsigned short, short, unsigned short)
 .text._ZN17Adafruit_NeoPixel13setPixelColorEtm
                0x0800d644       0x60 .pio/build/genericSTM32F446RE/lib79b/libAdafruit NeoPixel.a(Adafruit_NeoPixel.cpp.o)
                0x0800d644                Adafruit_NeoPixel::setPixelColor(unsigned short, unsigned long)
 .text._ZN17Adafruit_NeoPixel4fillEmtt
                0x0800d6a4       0x2c .pio/build/genericSTM32F446RE/lib79b/libAdafruit NeoPixel.a(Adafruit_NeoPixel.cpp.o)
                0x0800d6a4                Adafruit_NeoPixel::fill(unsigned long, unsigned short, unsigned short)
 .text._ZN17Adafruit_NeoPixel8ColorHSVEthh
                0x0800d6d0       0xb4 .pio/build/genericSTM32F446RE/lib79b/libAdafruit NeoPixel.a(Adafruit_NeoPixel.cpp.o)
                0x0800d6d0                Adafruit_NeoPixel::ColorHSV(unsigned short, unsigned char, unsigned char)
 .text._ZN17Adafruit_NeoPixel13setBrightnessEh
                0x0800d784       0x4e .pio/build/genericSTM32F446RE/lib79b/libAdafruit NeoPixel.a(Adafruit_NeoPixel.cpp.o)
                0x0800d784                Adafruit_NeoPixel::setBrightness(unsigned char)
 .text._ZN17Adafruit_NeoPixel5clearEv
                0x0800d7d2        0xa .pio/build/genericSTM32F446RE/lib79b/libAdafruit NeoPixel.a(Adafruit_NeoPixel.cpp.o)
                0x0800d7d2                Adafruit_NeoPixel::clear()
 .text._ZN5Print17availableForWriteEv
                0x0800d7dc        0x4 .pio/build/genericSTM32F446RE/liba31/libWire.a(Wire.cpp.o)
                0x0800d7dc                Print::availableForWrite()
 .text._ZN7TwoWire9availableEv
                0x0800d7e0        0x8 .pio/build/genericSTM32F446RE/liba31/libWire.a(Wire.cpp.o)
                0x0800d7e0                TwoWire::available()
 .text._ZN7TwoWire4readEv
                0x0800d7e8       0x1a .pio/build/genericSTM32F446RE/liba31/libWire.a(Wire.cpp.o)
                0x0800d7e8                TwoWire::read()
 .text._ZN7TwoWire4peekEv
                0x0800d802       0x12 .pio/build/genericSTM32F446RE/liba31/libWire.a(Wire.cpp.o)
                0x0800d802                TwoWire::peek()
 .text._ZN7TwoWire16onRequestServiceEP5i2c_s
                0x0800d814       0x16 .pio/build/genericSTM32F446RE/liba31/libWire.a(Wire.cpp.o)
                0x0800d814                TwoWire::onRequestService(i2c_s*)
 .text._ZN7TwoWire17beginTransmissionEh
                0x0800d82a       0x10 .pio/build/genericSTM32F446RE/liba31/libWire.a(Wire.cpp.o)
                0x0800d82a                TwoWire::beginTransmission(unsigned char)
 .text._ZN7TwoWire16allocateRxBufferEj
                0x0800d83a       0x24 .pio/build/genericSTM32F446RE/liba31/libWire.a(Wire.cpp.o)
                0x0800d83a                TwoWire::allocateRxBuffer(unsigned int)
 .text._ZN7TwoWire16onReceiveServiceEP5i2c_s
                0x0800d85e       0x4c .pio/build/genericSTM32F446RE/liba31/libWire.a(Wire.cpp.o)
                0x0800d85e                TwoWire::onReceiveService(i2c_s*)
 .text._ZN7TwoWire16allocateTxBufferEj
                0x0800d8aa       0x32 .pio/build/genericSTM32F446RE/liba31/libWire.a(Wire.cpp.o)
                0x0800d8aa                TwoWire::allocateTxBuffer(unsigned int)
 .text._ZN7TwoWire5writeEh
                0x0800d8dc       0x42 .pio/build/genericSTM32F446RE/liba31/libWire.a(Wire.cpp.o)
                0x0800d8dc                TwoWire::write(unsigned char)